Component: ARM Compiler 5.05 update 2 (build 169) Tool: armlink [4d0f33]

==============================================================================

Section Cross References

    main.o(i.CPU_CACHE_Enable) refers to main.o(i.SCB_EnableDCache) for SCB_EnableDCache
    main.o(i.HAL_GetTick) refers to rt_time.o(.data) for os_time
    main.o(i.LCDinit) refers to stm32746g_discovery_lcd.o(i.BSP_LCD_Init) for BSP_LCD_Init
    main.o(i.LCDinit) refers to stm32746g_discovery_lcd.o(i.BSP_LCD_LayerDefaultInit) for BSP_LCD_LayerDefaultInit
    main.o(i.LCDinit) refers to stm32746g_discovery_lcd.o(i.BSP_LCD_GetXSize) for BSP_LCD_GetXSize
    main.o(i.LCDinit) refers to stm32746g_discovery_lcd.o(i.BSP_LCD_GetYSize) for BSP_LCD_GetYSize
    main.o(i.LCDinit) refers to stm32746g_discovery_lcd.o(i.BSP_LCD_SetLayerVisible) for BSP_LCD_SetLayerVisible
    main.o(i.LCDinit) refers to stm32746g_discovery_lcd.o(i.BSP_LCD_SelectLayer) for BSP_LCD_SelectLayer
    main.o(i.LCDinit) refers to stm32746g_discovery_lcd.o(i.BSP_LCD_Clear) for BSP_LCD_Clear
    main.o(i.LCDinit) refers to stm32746g_discovery_lcd.o(i.BSP_LCD_SetTransparency) for BSP_LCD_SetTransparency
    main.o(i.LCDinit) refers to stm32746g_discovery_lcd.o(i.BSP_LCD_SetBackColor) for BSP_LCD_SetBackColor
    main.o(i.LCDinit) refers to stm32746g_discovery_lcd.o(i.BSP_LCD_SetTextColor) for BSP_LCD_SetTextColor
    main.o(i.LCDinit) refers to stm32746g_discovery_lcd.o(i.BSP_LCD_DisplayStringAtLine) for BSP_LCD_DisplayStringAtLine
    main.o(i.LCDinit) refers to stm32746g_discovery_lcd.o(i.BSP_LCD_DisplayOn) for BSP_LCD_DisplayOn
    main.o(i.LCDinit) refers to main.o(.data) for m_nCurrentLine
    main.o(i.MPU_Config) refers to stm32f7xx_hal_cortex.o(i.HAL_MPU_ConfigRegion) for HAL_MPU_ConfigRegion
    main.o(i.SystemClock_Config) refers to stm32f7xx_hal_rcc.o(i.HAL_RCC_OscConfig) for HAL_RCC_OscConfig
    main.o(i.SystemClock_Config) refers to main.o(i.Error_Handler) for Error_Handler
    main.o(i.SystemClock_Config) refers to stm32f7xx_hal_pwr_ex.o(i.HAL_PWREx_EnableOverDrive) for HAL_PWREx_EnableOverDrive
    main.o(i.SystemClock_Config) refers to stm32f7xx_hal_rcc.o(i.HAL_RCC_ClockConfig) for HAL_RCC_ClockConfig
    main.o(i.TS_IRQHandler) refers to stm32746g_discovery_ts.o(i.BSP_TS_ITGetStatus) for BSP_TS_ITGetStatus
    main.o(i.TS_IRQHandler) refers to stm32746g_discovery_ts.o(i.BSP_TS_GetState) for BSP_TS_GetState
    main.o(i.TS_IRQHandler) refers to stm32746g_discovery_ts.o(i.BSP_TS_ITClear) for BSP_TS_ITClear
    main.o(i.TouchScreenInit) refers to stm32746g_discovery_lcd.o(i.BSP_LCD_GetYSize) for BSP_LCD_GetYSize
    main.o(i.TouchScreenInit) refers to stm32746g_discovery_lcd.o(i.BSP_LCD_GetXSize) for BSP_LCD_GetXSize
    main.o(i.TouchScreenInit) refers to stm32746g_discovery_ts.o(i.BSP_TS_Init) for BSP_TS_Init
    main.o(i.initMessage) refers to stm32f7xx_hal_gpio.o(i.HAL_GPIO_WritePin) for HAL_GPIO_WritePin
    main.o(i.initMessage) refers to stm32f7xx_hal.o(i.HAL_Delay) for HAL_Delay
    main.o(i.mPort_Initialize) refers to stm32f7xx_hal_gpio.o(i.HAL_GPIO_Init) for HAL_GPIO_Init
    main.o(i.main) refers to main.o(i.MPU_Config) for MPU_Config
    main.o(i.main) refers to main.o(i.CPU_CACHE_Enable) for CPU_CACHE_Enable
    main.o(i.main) refers to rt_cmsis.o(i.osKernelInitialize) for osKernelInitialize
    main.o(i.main) refers to stm32f7xx_hal.o(i.HAL_Init) for HAL_Init
    main.o(i.main) refers to main.o(i.SystemClock_Config) for SystemClock_Config
    main.o(i.main) refers to main.o(i.mPort_Initialize) for mPort_Initialize
    main.o(i.main) refers to buttons_746g_discovery.o(i.Buttons_Initialize) for Buttons_Initialize
    main.o(i.main) refers to main.o(i.LCDinit) for LCDinit
    main.o(i.main) refers to main.o(i.TouchScreenInit) for TouchScreenInit
    main.o(i.main) refers to rt_cmsis.o(i.osKernelStart) for osKernelStart
    main.o(i.main) refers to stm32f7xx_hal.o(i.HAL_Delay) for HAL_Delay
    main.o(i.main) refers to stm32746g_discovery_ts.o(i.BSP_TS_GetState) for BSP_TS_GetState
    main.o(i.main) refers to stm32746g_discovery_ts.o(i.BSP_TS_ResetTouchData) for BSP_TS_ResetTouchData
    main.o(i.main) refers to main.o(i.send_Message_Bin) for send_Message_Bin
    main.o(i.main) refers to main.o(.constdata) for .constdata
    main.o(i.sendOne) refers to stm32f7xx_hal_gpio.o(i.HAL_GPIO_WritePin) for HAL_GPIO_WritePin
    main.o(i.sendOne) refers to stm32f7xx_hal.o(i.HAL_Delay) for HAL_Delay
    main.o(i.sendZero) refers to stm32f7xx_hal_gpio.o(i.HAL_GPIO_WritePin) for HAL_GPIO_WritePin
    main.o(i.sendZero) refers to stm32f7xx_hal.o(i.HAL_Delay) for HAL_Delay
    main.o(i.send_Message_Bin) refers to main.o(i.initMessage) for initMessage
    main.o(i.send_Message_Bin) refers to main.o(i.sendOne) for sendOne
    main.o(i.send_Message_Bin) refers to main.o(i.sendZero) for sendZero
    main.o(i.send_Message_Bin) refers to stm32f7xx_hal.o(i.HAL_Delay) for HAL_Delay
[...]
    i.rt_pop_req                             0x08005e08   Section        0  rt_system.o(i.rt_pop_req)
    i.rt_psh_req                             0x08005e84   Section        0  rt_system.o(i.rt_psh_req)
    i.rt_psq_enq                             0x08005ea4   Section        0  rt_list.o(i.rt_psq_enq)
    i.rt_put_dly                             0x08005f00   Section        0  rt_list.o(i.rt_put_dly)
    i.rt_put_prio                            0x08005f48   Section        0  rt_list.o(i.rt_put_prio)
    i.rt_put_rdy_first                       0x08005f80   Section        0  rt_list.o(i.rt_put_rdy_first)
    i.rt_resort_prio                         0x08005f94   Section        0  rt_list.o(i.rt_resort_prio)
    i.rt_ret_regs                            0x08005fc8   Section        0  hal_cm.o(i.rt_ret_regs)
    rt_ret_regs                              0x08005fc9   Thumb Code    16  hal_cm.o(i.rt_ret_regs)
    i.rt_ret_val                             0x08005fd8   Section        0  hal_cm.o(i.rt_ret_val)
    i.rt_ret_val2                            0x08005fe4   Section        0  hal_cm.o(i.rt_ret_val2)
    i.rt_rmv_dly                             0x08005ff4   Section        0  rt_list.o(i.rt_rmv_dly)
    i.rt_rmv_list                            0x0800601c   Section        0  rt_list.o(i.rt_rmv_list)
    i.rt_sem_psh                             0x0800604c   Section        0  rt_semaphore.o(i.rt_sem_psh)
    i.rt_stk_check                           0x08006080   Section        0  rt_system.o(i.rt_stk_check)
    i.rt_switch_req                          0x080060a4   Section        0  rt_task.o(i.rt_switch_req)
    i.rt_sys_init                            0x080060cc   Section        0  rt_task.o(i.rt_sys_init)
    i.rt_sys_start                           0x08006198   Section        0  rt_task.o(i.rt_sys_start)
    i.rt_systick                             0x08006210   Section        0  rt_system.o(i.rt_systick)
    i.rt_tid2ptcb                            0x08006250   Section        0  rt_cmsis.o(i.rt_tid2ptcb)
    rt_tid2ptcb                              0x08006251   Thumb Code    18  rt_cmsis.o(i.rt_tid2ptcb)
    i.rt_timer_insert                        0x08006264   Section        0  rt_cmsis.o(i.rt_timer_insert)
    rt_timer_insert                          0x08006265   Thumb Code    48  rt_cmsis.o(i.rt_timer_insert)
    i.rt_tsk_create                          0x08006298   Section        0  rt_task.o(i.rt_tsk_create)
    i.rt_tsk_delete                          0x08006320   Section        0  rt_task.o(i.rt_tsk_delete)
    i.rt_tsk_prio                            0x0800649c   Section        0  rt_task.o(i.rt_tsk_prio)
    i.rt_tsk_self                            0x08006518   Section        0  rt_task.o(i.rt_tsk_self)
    i.sendOne                                0x08006528   Section        0  main.o(i.sendOne)
    sendOne                                  0x08006529   Thumb Code    38  main.o(i.sendOne)
    i.sendZero                               0x08006554   Section        0  main.o(i.sendZero)
    sendZero                                 0x08006555   Thumb Code    38  main.o(i.sendZero)
    i.send_Message_Bin                       0x08006580   Section        0  main.o(i.send_Message_Bin)
    send_Message_Bin                         0x08006581   Thumb Code   158  main.o(i.send_Message_Bin)
    i.svcKernelInitialize                    0x08006620   Section        0  rt_cmsis.o(i.svcKernelInitialize)
    i.svcKernelStart                         0x08006690   Section        0  rt_cmsis.o(i.svcKernelStart)
    i.svcMessageCreate                       0x080066d8   Section        0  rt_cmsis.o(i.svcMessageCreate)
    i.svcMessageGet                          0x080066fc   Section        0  rt_cmsis.o(i.svcMessageGet)
    i.svcThreadCreate                        0x08006738   Section        0  rt_cmsis.o(i.svcThreadCreate)
    i.svcThreadGetId                         0x080067a8   Section        0  rt_cmsis.o(i.svcThreadGetId)
    i.svcThreadTerminate                     0x080067c4   Section        0  rt_cmsis.o(i.svcThreadTerminate)
    i.svcTimerCall                           0x080067fc   Section        0  rt_cmsis.o(i.svcTimerCall)
    i.sysTimerTick                           0x08006814   Section        0  rt_cmsis.o(i.sysTimerTick)
    x$fpl$fpinit                             0x08006870   Section       10  fpinit.o(x$fpl$fpinit)
    $v0                                      0x08006870   Number         0  fpinit.o(x$fpl$fpinit)
    .constdata                               0x0800687c   Section       48  main.o(.constdata)
    .constdata                               0x080068ac   Section    15580  stm32746g_discovery_lcd.o(.constdata)
    .constdata                               0x0800a588   Section       86  rtx_conf_cm.o(.constdata)
    __tagsym$$used                           0x0800a5a4   Number         0  rtx_conf_cm.o(.constdata)
    __tagsym$$used                           0x0800a5a8   Number         0  rtx_conf_cm.o(.constdata)
    __tagsym$$used                           0x0800a5ac   Number         0  rtx_conf_cm.o(.constdata)
    __tagsym$$used                           0x0800a5b0   Number         0  rtx_conf_cm.o(.constdata)
    .constdata                               0x0800a5de   Section       16  stm32f7xx_hal_rcc.o(.constdata)
    .data                                    0x20010000   Section        4  main.o(.data)
    .data                                    0x20010004   Section       46  ft5336.o(.data)
    ft5336_handle                            0x2001002c   Data           3  ft5336.o(.data)
    coord                                    0x20010030   Data           2  ft5336.o(.data)
    .data                                    0x20010034   Section       44  stm32746g_discovery_lcd.o(.data)
    ActiveLayer                              0x2001005c   Data           4  stm32746g_discovery_lcd.o(.data)
    .data                                    0x20010060   Section        2  stm32746g_discovery_sdram.o(.data)
    sdramstatus                              0x20010060   Data           1  stm32746g_discovery_sdram.o(.data)
    sdramstatus                              0x20010061   Data           1  stm32746g_discovery_sdram.o(.data)
    .data                                    0x20010064   Section       10  stm32746g_discovery_ts.o(.data)
    tsDriver                                 0x20010064   Data           4  stm32746g_discovery_ts.o(.data)
    tsXBoundary                              0x20010068   Data           2  stm32746g_discovery_ts.o(.data)
    tsYBoundary                              0x2001006a   Data           2  stm32746g_discovery_ts.o(.data)
    tsOrientation                            0x2001006c   Data           1  stm32746g_discovery_ts.o(.data)
    I2cAddress                               0x2001006d   Data           1  stm32746g_discovery_ts.o(.data)
    .data                                    0x20010070   Section       36  rtx_conf_cm.o(.data)
    nr_mutex                                 0x20010080   Data           4  rtx_conf_cm.o(.data)
    .data                                    0x20010094   Section        4  system_stm32f7xx.o(.data)
    .data                                    0x20010098   Section        8  rt_cmsis.o(.data)
    .data                                    0x200100a0   Section        8  rt_task.o(.data)
    .data                                    0x200100a8   Section        4  rt_time.o(.data)
    .data                                    0x200100ac   Section        8  rt_system.o(.data)
    os_lock                                  0x200100ac   Data           1  rt_system.o(.data)
    os_psh_flag                              0x200100ad   Data           1  rt_system.o(.data)
    pend_flags                               0x200100ae   Data           1  rt_system.o(.data)
    .data                                    0x200100b4   Section        1  hal_cm.o(.data)
    .bss                                     0x200100b8   Section      120  stm32746g_discovery.o(.bss)
    hI2cAudioHandler                         0x200100b8   Data          60  stm32746g_discovery.o(.bss)
    hI2cExtHandler                           0x200100f4   Data          60  stm32746g_discovery.o(.bss)
    .bss                                     0x20010130   Section      388  stm32746g_discovery_lcd.o(.bss)
    hLtdcHandler                             0x20010130   Data         168  stm32746g_discovery_lcd.o(.bss)
    hDma2dHandler                            0x200101d8   Data          64  stm32746g_discovery_lcd.o(.bss)
    DrawProp                                 0x20010218   Data          24  stm32746g_discovery_lcd.o(.bss)
    periph_clk_init_struct                   0x20010230   Data         132  stm32746g_discovery_lcd.o(.bss)
    .bss                                     0x200102b4   Section      256  stm32746g_discovery_sdram.o(.bss)
    sdramHandle                              0x200102b4   Data          52  stm32746g_discovery_sdram.o(.bss)
    Timing                                   0x200102e8   Data          28  stm32746g_discovery_sdram.o(.bss)
    Command                                  0x20010304   Data          16  stm32746g_discovery_sdram.o(.bss)
    dma_handle                               0x20010314   Data          80  stm32746g_discovery_sdram.o(.bss)
    dma_handle                               0x20010364   Data          80  stm32746g_discovery_sdram.o(.bss)
    .bss                                     0x200103b4   Section       40  stm32746g_discovery_ts.o(.bss)
    _x                                       0x200103b4   Data          20  stm32746g_discovery_ts.o(.bss)
    _y                                       0x200103c8   Data          20  stm32746g_discovery_ts.o(.bss)
    .bss                                     0x200103e0   Section    11256  rtx_conf_cm.o(.bss)
    std_libspace                             0x20012cb8   Data         672  rtx_conf_cm.o(.bss)
    std_libmutex                             0x20012f58   Data         128  rtx_conf_cm.o(.bss)
    .bss                                     0x20012fd8   Section       52  rt_task.o(.bss)
    .bss                                     0x2001300c   Section       48  rt_list.o(.bss)
    .bss                                     0x2001303c   Section       96  libspace.o(.bss)
    HEAP                                     0x200130a0   Section      512  startup_stm32f746xx.o(HEAP)
    Heap_Mem                                 0x200130a0   Data         512  startup_stm32f746xx.o(HEAP)
    STACK                                    0x200132a0   Section     1024  startup_stm32f746xx.o(STACK)
    Stack_Mem                                0x200132a0   Data        1024  startup_stm32f746xx.o(STACK)
    __initial_sp                             0x200136a0   Data           0  startup_stm32f746xx.o(STACK)
    .ARM.__AT_0xC0000000                     0xc0000000   Section    261120  glcd_746g_discovery.o(.ARM.__AT_0xC0000000)
    frame_buf                                0xc0000000   Data       261120  glcd_746g_discovery.o(.ARM.__AT_0xC0000000)

    Global Symbols

    Symbol Name                              Value     Ov Type        Size  Object(Section)

    BuildAttributes$$THM_ISAv4$E$P$D$K$B$S$7EM$VFPi3$EXTD16$VFPS$VFMA$PE$PLD8$A:L22UL41UL21$X:L11$S22US41US21$IEEE1$IW$USESV6$~STKCKD$USESV7$~SHL$OSPACE$ROPI$EBA8$UX$STANDARDLIB$REQ8$PRES8$EABIv2 0x00000000   Number         0  anon$$obj.o ABSOLUTE
    __ARM_use_no_argv                        0x00000000   Number         0  main.o ABSOLUTE
    __ARM_exceptions_init                     - Undefined Weak Reference
    __alloca_initialize                       - Undefined Weak Reference
    __arm_preinit_                            - Undefined Weak Reference
    __cpp_initialize__aeabi_                  - Undefined Weak Reference
    __cxa_finalize                            - Undefined Weak Reference
    __rt_locale                               - Undefined Weak Reference
    __sigvec_lookup                           - Undefined Weak Reference
    _atexit_init                              - Undefined Weak Reference
    _call_atexit_fns                          - Undefined Weak Reference
    _clock_init                               - Undefined Weak Reference
    _fp_trap_init                             - Undefined Weak Reference
    _fp_trap_shutdown                         - Undefined Weak Reference
    _get_lc_collate                           - Undefined Weak Reference
    _get_lc_ctype                             - Undefined Weak Reference
    _get_lc_monetary                          - Undefined Weak Reference
    _get_lc_numeric                           - Undefined Weak Reference
    _get_lc_time                              - Undefined Weak Reference
    _getenv_init                              - Undefined Weak Reference
    _handle_redirection                       - Undefined Weak Reference
    _init_alloc                               - Undefined Weak Reference
    _init_user_alloc                          - Undefined Weak Reference
    _initio                                   - Undefined Weak Reference
    _rand_init                                - Undefined Weak Reference
    _signal_finish                            - Undefined Weak Reference
    _signal_init                              - Undefined Weak Reference
    _terminate_alloc                          - Undefined Weak Reference
    _terminate_user_alloc                     - Undefined Weak Reference
    _terminateio                              - Undefined Weak Reference
    __Vectors_Size                           0x000001c8   Number         0  startup_stm32f746xx.o ABSOLUTE
    __RL_RTX_VER                             0x00000480   Number         0  rt_system.o ABSOLUTE
    __Vectors                                0x08000000   Data           4  startup_stm32f746xx.o(RESET)
    __Vectors_End                            0x080001c8   Data           0  startup_stm32f746xx.o(RESET)
    __main                                   0x080001c9   Thumb Code     8  __main.o(!!!main)
    __scatterload                            0x080001d1   Thumb Code     0  __scatter.o(!!!scatter)
    __scatterload_rt2                        0x080001d1   Thumb Code    44  __scatter.o(!!!scatter)
    __scatterload_rt2_thumb_only             0x080001d1   Thumb Code     0  __scatter.o(!!!scatter)
    __scatterload_null                       0x080001df   Thumb Code     0  __scatter.o(!!!scatter)
    __scatterload_copy                       0x08000205   Thumb Code    26  __scatter_copy.o(!!handler_copy)
    __scatterload_zeroinit                   0x08000221   Thumb Code    28  __scatter_zi.o(!!handler_zi)
    __rt_lib_init                            0x0800023d   Thumb Code     0  libinit.o(.ARM.Collect$$libinit$$00000000)
    __rt_lib_init_fp_1                       0x0800023f   Thumb Code     0  libinit2.o(.ARM.Collect$$libinit$$00000001)
    __rt_lib_init_alloca_1                   0x08000243   Thumb Code     0  libinit2.o(.ARM.Collect$$libinit$$0000002E)
    __rt_lib_init_argv_1                     0x08000243   Thumb Code     0  libinit2.o(.ARM.Collect$$libinit$$0000002C)
    __rt_lib_init_atexit_1                   0x08000243   Thumb Code     0  libinit2.o(.ARM.Collect$$libinit$$0000001B)
    __rt_lib_init_clock_1                    0x08000243   Thumb Code     0  libinit2.o(.ARM.Collect$$libinit$$00000021)
    __rt_lib_init_cpp_1                      0x08000243   Thumb Code     0  libinit2.o(.ARM.Collect$$libinit$$00000032)
    __rt_lib_init_exceptions_1               0x08000243   Thumb Code     0  libinit2.o(.ARM.Collect$$libinit$$00000030)
    __rt_lib_init_fp_trap_1                  0x08000243   Thumb Code     0  libinit2.o(.ARM.Collect$$libinit$$0000001F)
    __rt_lib_init_getenv_1                   0x08000243   Thumb Code     0  libinit2.o(.ARM.Collect$$libinit$$00000023)
    __rt_lib_init_heap_1                     0x08000243   Thumb Code     0  libinit2.o(.ARM.Collect$$libinit$$0000000A)
    __rt_lib_init_lc_collate_1               0x08000243   Thumb Code     0  libinit2.o(.ARM.Collect$$libinit$$00000011)
    __rt_lib_init_lc_ctype_1                 0x08000243   Thumb Code     0  libinit2.o(.ARM.Collect$$libinit$$00000013)
    __rt_lib_init_lc_monetary_1              0x08000243   Thumb Code     0  libinit2.o(.ARM.Collect$$libinit$$00000015)
    __rt_lib_init_lc_numeric_1               0x08000243   Thumb Code     0  libinit2.o(.ARM.Collect$$libinit$$00000017)
    __rt_lib_init_lc_time_1                  0x08000243   Thumb Code     0  libinit2.o(.ARM.Collect$$libinit$$00000019)
    __rt_lib_init_preinit_1                  0x08000243   Thumb Code     0  libinit2.o(.ARM.Collect$$libinit$$00000004)
    __rt_lib_init_rand_1                     0x08000243   Thumb Code     0  libinit2.o(.ARM.Collect$$libinit$$0000000E)
    __rt_lib_init_return                     0x08000243   Thumb Code     0  libinit2.o(.ARM.Collect$$libinit$$00000033)
    __rt_lib_init_signal_1                   0x08000243   Thumb Code     0  libinit2.o(.ARM.Collect$$libinit$$0000001D)
    __rt_lib_init_stdio_1                    0x08000243   Thumb Code     0  libinit2.o(.ARM.Collect$$libinit$$00000025)
    __rt_lib_init_user_alloc_1               0x08000243   Thumb Code     0  libinit2.o(.ARM.Collect$$libinit$$0000000C)
    __rt_lib_shutdown                        0x08000245   Thumb Code     0  libshutdown.o(.ARM.Collect$$libshutdown$$00000000)
    __rt_lib_shutdown_fp_trap_1              0x08000247   Thumb Code     0  libshutdown2.o(.ARM.Collect$$libshutdown$$00000006)
    __rt_lib_shutdown_heap_1                 0x08000247   Thumb Code     0  libshutdown2.o(.ARM.Collect$$libshutdown$$0000000E)
    __rt_lib_shutdown_return                 0x08000247   Thumb Code     0  libshutdown2.o(.ARM.Collect$$libshutdown$$0000000F)
    __rt_lib_shutdown_signal_1               0x08000247   Thumb Code     0  libshutdown2.o(.ARM.Collect$$libshutdown$$00000009)
    __rt_lib_shutdown_stdio_1                0x08000247   Thumb Code     0  libshutdown2.o(.ARM.Collect$$libshutdown$$00000003)
    __rt_lib_shutdown_user_alloc_1           0x08000247   Thumb Code     0  libshutdown2.o(.ARM.Collect$$libshutdown$$0000000B)
    __rt_entry                               0x08000249   Thumb Code     0  __rtentry.o(.ARM.Collect$$rtentry$$00000000)
    __rt_entry_presh_1                       0x08000249   Thumb Code     0  __rtentry2.o(.ARM.Collect$$rtentry$$00000002)
    __rt_entry_sh                            0x08000249   Thumb Code     0  __rtentry4.o(.ARM.Collect$$rtentry$$00000004)
    __rt_entry_li                            0x0800024f   Thumb Code     0  __rtentry2.o(.ARM.Collect$$rtentry$$0000000A)
    __rt_entry_postsh_1                      0x0800024f   Thumb Code     0  __rtentry2.o(.ARM.Collect$$rtentry$$00000009)
    __rt_entry_postli_1                      0x08000253   Thumb Code     0  __rtentry2.o(.ARM.Collect$$rtentry$$0000000B)
    __rt_entry_main                          0x0800025b   Thumb Code     0  __rtentry2.o(.ARM.Collect$$rtentry$$0000000D)
    __rt_exit                                0x08000263   Thumb Code     0  rtexit.o(.ARM.Collect$$rtexit$$00000000)
    __rt_exit_ls                             0x08000265   Thumb Code     0  rtexit2.o(.ARM.Collect$$rtexit$$00000003)
    __rt_exit_prels_1                        0x08000265   Thumb Code     0  rtexit2.o(.ARM.Collect$$rtexit$$00000002)
    __rt_exit_exit                           0x08000269   Thumb Code     0  rtexit2.o(.ARM.Collect$$rtexit$$00000004)
    _platform_post_lib_init                  0x08000271   Thumb Code    24  rtx_conf_cm.o(.emb_text)
    rt_set_PSP                               0x0800028d   Thumb Code     6  hal_cm4.o(.emb_text)
    rt_get_PSP                               0x08000293   Thumb Code     6  hal_cm4.o(.emb_text)
    os_set_env                               0x08000299   Thumb Code    24  hal_cm4.o(.emb_text)
    _alloc_box                               0x080002b5   Thumb Code    28  hal_cm4.o(.emb_text)
    _free_box                                0x080002d5   Thumb Code    28  hal_cm4.o(.emb_text)
    SVC_Handler                              0x080002f5   Thumb Code   168  hal_cm4.o(.emb_text)
    PendSV_Handler                           0x080003ad   Thumb Code    96  hal_cm4.o(.emb_text)
    SysTick_Handler                          0x08000411   Thumb Code     8  hal_cm4.o(.emb_text)
    OS_Tick_Handler                          0x08000419   Thumb Code    12  hal_cm4.o(.emb_text)
    Reset_Handler                            0x08000425   Thumb Code     8  startup_stm32f746xx.o(.text)
    NMI_Handler                              0x0800042d   Thumb Code     2  startup_stm32f746xx.o(.text)
    HardFault_Handler                        0x0800042f   Thumb Code     2  startup_stm32f746xx.o(.text)
    MemManage_Handler                        0x08000431   Thumb Code     2  startup_stm32f746xx.o(.text)
    BusFault_Handler                         0x08000433   Thumb Code     2  startup_stm32f746xx.o(.text)
    UsageFault_Handler                       0x08000435   Thumb Code     2  startup_stm32f746xx.o(.text)
    DebugMon_Handler                         0x08000439   Thumb Code     2  startup_stm32f746xx.o(.text)
    ADC_IRQHandler                           0x0800043f   Thumb Code     0  startup_stm32f746xx.o(.text)
    CAN1_RX0_IRQHandler                      0x0800043f   Thumb Code     0  startup_stm32f746xx.o(.text)
    CAN1_RX1_IRQHandler                      0x0800043f   Thumb Code     0  startup_stm32f746xx.o(.text)
    CAN1_SCE_IRQHandler                      0x0800043f   Thumb Code     0  startup_stm32f746xx.o(.text)
    CAN1_TX_IRQHandler                       0x0800043f   Thumb Code     0  startup_stm32f746xx.o(.text)
    CAN2_RX0_IRQHandler                      0x0800043f   Thumb Code     0  startup_stm32f746xx.o(.text)
    CAN2_RX1_IRQHandler                      0x0800043f   Thumb Code     0  startup_stm32f746xx.o(.text)
    CAN2_SCE_IRQHandler                      0x0800043f   Thumb Code     0  startup_stm32f746xx.o(.text)
    CAN2_TX_IRQHandler                       0x0800043f   Thumb Code     0  startup_stm32f746xx.o(.text)
    CEC_IRQHandler                           0x0800043f   Thumb Code     0  startup_stm32f746xx.o(.text)
    DCMI_IRQHandler                          0x0800043f   Thumb Code     0  startup_stm32f746xx.o(.text)
    DMA1_Stream0_IRQHandler                  0x0800043f   Thumb Code     0  startup_stm32f746xx.o(.text)
    DMA1_Stream1_IRQHandler                  0x0800043f   Thumb Code     0  startup_stm32f746xx.o(.text)
    DMA1_Stream2_IRQHandler                  0x0800043f   Thumb Code     0  startup_stm32f746xx.o(.text)
    DMA1_Stream3_IRQHandler                  0x0800043f   Thumb Code     0  startup_stm32f746xx.o(.text)
    DMA1_Stream4_IRQHandler                  0x0800043f   Thumb Code     0  startup_stm32f746xx.o(.text)
    DMA1_Stream5_IRQHandler                  0x0800043f   Thumb Code     0  startup_stm32f746xx.o(.text)
    DMA1_Stream6_IRQHandler                  0x0800043f   Thumb Code     0  startup_stm32f746xx.o(.text)
    DMA1_Stream7_IRQHandler                  0x0800043f   Thumb Code     0  startup_stm32f746xx.o(.text)
    DMA2D_IRQHandler                         0x0800043f   Thumb Code     0  startup_stm32f746xx.o(.text)
    DMA2_Stream0_IRQHandler                  0x0800043f   Thumb Code     0  startup_stm32f746xx.o(.text)
    DMA2_Stream1_IRQHandler                  0x0800043f   Thumb Code     0  startup_stm32f746xx.o(.text)
    DMA2_Stream2_IRQHandler                  0x0800043f   Thumb Code     0  startup_stm32f746xx.o(.text)
    DMA2_Stream3_IRQHandler                  0x0800043f   Thumb Code     0  startup_stm32f746xx.o(.text)
    DMA2_Stream4_IRQHandler                  0x0800043f   Thumb Code     0  startup_stm32f746xx.o(.text)
    DMA2_Stream5_IRQHandler                  0x0800043f   Thumb Code     0  startup_stm32f746xx.o(.text)
    DMA2_Stream6_IRQHandler                  0x0800043f   Thumb Code     0  startup_stm32f746xx.o(.text)
    DMA2_Stream7_IRQHandler                  0x0800043f   Thumb Code     0  startup_stm32f746xx.o(.text)
    ETH_IRQHandler                           0x0800043f   Thumb Code     0  startup_stm32f746xx.o(.text)
    ETH_WKUP_IRQHandler                      0x0800043f   Thumb Code     0  startup_stm32f746xx.o(.text)
    EXTI0_IRQHandler                         0x0800043f   Thumb Code     0  startup_stm32f746xx.o(.text)
    EXTI15_10_IRQHandler                     0x0800043f   Thumb Code     0  startup_stm32f746xx.o(.text)
    EXTI1_IRQHandler                         0x0800043f   Thumb Code     0  startup_stm32f746xx.o(.text)
    EXTI2_IRQHandler                         0x0800043f   Thumb Code     0  startup_stm32f746xx.o(.text)
    EXTI3_IRQHandler                         0x0800043f   Thumb Code     0  startup_stm32f746xx.o(.text)
    EXTI4_IRQHandler                         0x0800043f   Thumb Code     0  startup_stm32f746xx.o(.text)
    EXTI9_5_IRQHandler                       0x0800043f   Thumb Code     0  startup_stm32f746xx.o(.text)
    FLASH_IRQHandler                         0x0800043f   Thumb Code     0  startup_stm32f746xx.o(.text)
    FMC_IRQHandler                           0x0800043f   Thumb Code     0  startup_stm32f746xx.o(.text)
    FPU_IRQHandler                           0x0800043f   Thumb Code     0  startup_stm32f746xx.o(.text)
    I2C1_ER_IRQHandler                       0x0800043f   Thumb Code     0  startup_stm32f746xx.o(.text)
    I2C1_EV_IRQHandler                       0x0800043f   Thumb Code     0  startup_stm32f746xx.o(.text)
    I2C2_ER_IRQHandler                       0x0800043f   Thumb Code     0  startup_stm32f746xx.o(.text)
    I2C2_EV_IRQHandler                       0x0800043f   Thumb Code     0  startup_stm32f746xx.o(.text)
    I2C3_ER_IRQHandler                       0x0800043f   Thumb Code     0  startup_stm32f746xx.o(.text)
    I2C3_EV_IRQHandler                       0x0800043f   Thumb Code     0  startup_stm32f746xx.o(.text)
    I2C4_ER_IRQHandler                       0x0800043f   Thumb Code     0  startup_stm32f746xx.o(.text)
    I2C4_EV_IRQHandler                       0x0800043f   Thumb Code     0  startup_stm32f746xx.o(.text)
    LPTIM1_IRQHandler                        0x0800043f   Thumb Code     0  startup_stm32f746xx.o(.text)
    LTDC_ER_IRQHandler                       0x0800043f   Thumb Code     0  startup_stm32f746xx.o(.text)
    LTDC_IRQHandler                          0x0800043f   Thumb Code     0  startup_stm32f746xx.o(.text)
    OTG_FS_IRQHandler                        0x0800043f   Thumb Code     0  startup_stm32f746xx.o(.text)
    OTG_FS_WKUP_IRQHandler                   0x0800043f   Thumb Code     0  startup_stm32f746xx.o(.text)
    OTG_HS_EP1_IN_IRQHandler                 0x0800043f   Thumb Code     0  startup_stm32f746xx.o(.text)
    OTG_HS_EP1_OUT_IRQHandler                0x0800043f   Thumb Code     0  startup_stm32f746xx.o(.text)
    OTG_HS_IRQHandler                        0x0800043f   Thumb Code     0  startup_stm32f746xx.o(.text)
    OTG_HS_WKUP_IRQHandler                   0x0800043f   Thumb Code     0  startup_stm32f746xx.o(.text)
    PVD_IRQHandler                           0x0800043f   Thumb Code     0  startup_stm32f746xx.o(.text)
    QUADSPI_IRQHandler                       0x0800043f   Thumb Code     0  startup_stm32f746xx.o(.text)
    RCC_IRQHandler                           0x0800043f   Thumb Code     0  startup_stm32f746xx.o(.text)
    RNG_IRQHandler                           0x0800043f   Thumb Code     0  startup_stm32f746xx.o(.text)
    RTC_Alarm_IRQHandler                     0x0800043f   Thumb Code     0  startup_stm32f746xx.o(.text)
    RTC_WKUP_IRQHandler                      0x0800043f   Thumb Code     0  startup_stm32f746xx.o(.text)
    SAI1_IRQHandler                          0x0800043f   Thumb Code     0  startup_stm32f746xx.o(.text)
    SAI2_IRQHandler                          0x0800043f   Thumb Code     0  startup_stm32f746xx.o(.text)
    SDMMC1_IRQHandler                        0x0800043f   Thumb Code     0  startup_stm32f746xx.o(.text)
    SPDIF_RX_IRQHandler                      0x0800043f   Thumb Code     0  startup_stm32f746xx.o(.text)
    SPI1_IRQHandler                          0x0800043f   Thumb Code     0  startup_stm32f746xx.o(.text)
    SPI2_IRQHandler                          0x0800043f   Thumb Code     0  startup_stm32f746xx.o(.text)
    SPI3_IRQHandler                          0x0800043f   Thumb Code     0  startup_stm32f746xx.o(.text)
    SPI4_IRQHandler                          0x0800043f   Thumb Code     0  startup_stm32f746xx.o(.text)
    SPI5_IRQHandler                          0x0800043f   Thumb Code     0  startup_stm32f746xx.o(.text)
    SPI6_IRQHandler                          0x0800043f   Thumb Code     0  startup_stm32f746xx.o(.text)
    TAMP_STAMP_IRQHandler                    0x0800043f   Thumb Code     0  startup_stm32f746xx.o(.text)
    TIM1_BRK_TIM9_IRQHandler                 0x0800043f   Thumb Code     0  startup_stm32f746xx.o(.text)
    TIM1_CC_IRQHandler                       0x0800043f   Thumb Code     0  startup_stm32f746xx.o(.text)
    TIM1_TRG_COM_TIM11_IRQHandler            0x0800043f   Thumb Code     0  startup_stm32f746xx.o(.text)
    TIM1_UP_TIM10_IRQHandler                 0x0800043f   Thumb Code     0  startup_stm32f746xx.o(.text)
    TIM2_IRQHandler                          0x0800043f   Thumb Code     0  startup_stm32f746xx.o(.text)
    TIM3_IRQHandler                          0x0800043f   Thumb Code     0  startup_stm32f746xx.o(.text)
    TIM4_IRQHandler                          0x0800043f   Thumb Code     0  startup_stm32f746xx.o(.text)
    TIM5_IRQHandler                          0x0800043f   Thumb Code     0  startup_stm32f746xx.o(.text)
    TIM6_DAC_IRQHandler                      0x0800043f   Thumb Code     0  startup_stm32f746xx.o(.text)
    TIM7_IRQHandler                          0x0800043f   Thumb Code     0  startup_stm32f746xx.o(.text)
    TIM8_BRK_TIM12_IRQHandler                0x0800043f   Thumb Code     0  startup_stm32f746xx.o(.text)
    TIM8_CC_IRQHandler                       0x0800043f   Thumb Code     0  startup_stm32f746xx.o(.text)
    TIM8_TRG_COM_TIM14_IRQHandler            0x0800043f   Thumb Code     0  startup_stm32f746xx.o(.text)
    TIM8_UP_TIM13_IRQHandler                 0x0800043f   Thumb Code     0  startup_stm32f746xx.o(.text)
    UART4_IRQHandler                         0x0800043f   Thumb Code     0  startup_stm32f746xx.o(.text)
    UART5_IRQHandler                         0x0800043f   Thumb Code     0  startup_stm32f746xx.o(.text)
    UART7_IRQHandler                         0x0800043f   Thumb Code     0  startup_stm32f746xx.o(.text)
    UART8_IRQHandler                         0x0800043f   Thumb Code     0  startup_stm32f746xx.o(.text)
    USART1_IRQHandler                        0x0800043f   Thumb Code     0  startup_stm32f746xx.o(.text)
    USART2_IRQHandler                        0x0800043f   Thumb Code     0  startup_stm32f746xx.o(.text)
    USART3_IRQHandler                        0x0800043f   Thumb Code     0  startup_stm32f746xx.o(.text)
    USART6_IRQHandler                        0x0800043f   Thumb Code     0  startup_stm32f746xx.o(.text)
    WWDG_IRQHandler                          0x0800043f   Thumb Code     0  startup_stm32f746xx.o(.text)
    __user_initial_stackheap                 0x08000441   Thumb Code     0  startup_stm32f746xx.o(.text)
    __user_libspace                          0x08000465   Thumb Code     8  libspace.o(.text)
    __user_perproc_libspace                  0x08000465   Thumb Code     0  libspace.o(.text)
    exit                                     0x0800046d   Thumb Code    12  exit.o(.text)
    __aeabi_memcpy4                          0x08000479   Thumb Code     0  rt_memcpy_w.o(.text)
    __aeabi_memcpy8                          0x08000479   Thumb Code     0  rt_memcpy_w.o(.text)
    __rt_memcpy_w                            0x08000479   Thumb Code   100  rt_memcpy_w.o(.text)
    _memcpy_lastbytes_aligned                0x080004c1   Thumb Code     0  rt_memcpy_w.o(.text)
    __use_two_region_memory                  0x080004dd   Thumb Code     2  heapauxi.o(.text)
    __rt_heap_escrow$2region                 0x080004df   Thumb Code     2  heapauxi.o(.text)
    __rt_heap_expand$2region                 0x080004e1   Thumb Code     2  heapauxi.o(.text)
    _sys_exit                                0x080004e5   Thumb Code     8  sys_exit.o(.text)
    __user_setup_stackheap                   0x080004f1   Thumb Code    74  sys_stackheap_outer.o(.text)
    __I$use$semihosting                      0x0800053b   Thumb Code     0  use_no_semi.o(.text)
    __use_no_semihosting_swi                 0x0800053b   Thumb Code     2  use_no_semi.o(.text)
    SVC_Count                                0x0800053c   Data           4  svc_table.o(SVC_TABLE)
    __semihosting_library_function           0x0800053d   Thumb Code     0  indicate_semi.o(.text)
    BSP_LCD_Clear                            0x08000541   Thumb Code    56  stm32746g_discovery_lcd.o(i.BSP_LCD_Clear)
    SVC_Table                                0x08000540   Data           0  svc_table.o(SVC_TABLE)
    BSP_LCD_ClockConfig                      0x08000581   Thumb Code    38  stm32746g_discovery_lcd.o(i.BSP_LCD_ClockConfig)
    BSP_LCD_DisplayChar                      0x080005ad   Thumb Code    96  stm32746g_discovery_lcd.o(i.BSP_LCD_DisplayChar)
    BSP_LCD_DisplayOn                        0x08000615   Thumb Code    40  stm32746g_discovery_lcd.o(i.BSP_LCD_DisplayOn)
    BSP_LCD_DisplayStringAt                  0x08000649   Thumb Code   286  stm32746g_discovery_lcd.o(i.BSP_LCD_DisplayStringAt)
    BSP_LCD_DisplayStringAtLine              0x08000771   Thumb Code    30  stm32746g_discovery_lcd.o(i.BSP_LCD_DisplayStringAtLine)
    BSP_LCD_DrawPixel                        0x08000791   Thumb Code    98  stm32746g_discovery_lcd.o(i.BSP_LCD_DrawPixel)
    BSP_LCD_GetFont                          0x080007fd   Thumb Code    18  stm32746g_discovery_lcd.o(i.BSP_LCD_GetFont)
    BSP_LCD_GetXSize                         0x08000819   Thumb Code    22  stm32746g_discovery_lcd.o(i.BSP_LCD_GetXSize)
    BSP_LCD_GetYSize                         0x08000839   Thumb Code    22  stm32746g_discovery_lcd.o(i.BSP_LCD_GetYSize)
    BSP_LCD_Init                             0x08000859   Thumb Code   156  stm32746g_discovery_lcd.o(i.BSP_LCD_Init)
    BSP_LCD_LayerDefaultInit                 0x08000909   Thumb Code   132  stm32746g_discovery_lcd.o(i.BSP_LCD_LayerDefaultInit)
    BSP_LCD_MspInit                          0x08000999   Thumb Code   402  stm32746g_discovery_lcd.o(i.BSP_LCD_MspInit)
    BSP_LCD_SelectLayer                      0x08000b45   Thumb Code     6  stm32746g_discovery_lcd.o(i.BSP_LCD_SelectLayer)
    BSP_LCD_SetBackColor                     0x08000b51   Thumb Code    18  stm32746g_discovery_lcd.o(i.BSP_LCD_SetBackColor)
    BSP_LCD_SetFont                          0x08000b6d   Thumb Code    18  stm32746g_discovery_lcd.o(i.BSP_LCD_SetFont)
    BSP_LCD_SetLayerVisible                  0x08000b89   Thumb Code    74  stm32746g_discovery_lcd.o(i.BSP_LCD_SetLayerVisible)
    BSP_LCD_SetTextColor                     0x08000bd9   Thumb Code    16  stm32746g_discovery_lcd.o(i.BSP_LCD_SetTextColor)
    BSP_LCD_SetTransparency                  0x08000bf1   Thumb Code    18  stm32746g_discovery_lcd.o(i.BSP_LCD_SetTransparency)
    BSP_SDRAM_Init                           0x08000c09   Thumb Code   122  stm32746g_discovery_sdram.o(i.BSP_SDRAM_Init)
    BSP_SDRAM_Initialization_sequence        0x08000c95   Thumb Code   142  stm32746g_discovery_sdram.o(i.BSP_SDRAM_Initialization_sequence)
    BSP_SDRAM_MspInit                        0x08000d2d   Thumb Code   418  stm32746g_discovery_sdram.o(i.BSP_SDRAM_MspInit)
    BSP_TS_GetState                          0x08000ef5   Thumb Code   526  stm32746g_discovery_ts.o(i.BSP_TS_GetState)
    BSP_TS_Get_GestureId                     0x08001121   Thumb Code   106  stm32746g_discovery_ts.o(i.BSP_TS_Get_GestureId)
    BSP_TS_Init                              0x08001191   Thumb Code    74  stm32746g_discovery_ts.o(i.BSP_TS_Init)
    BSP_TS_ResetTouchData                    0x080011f5   Thumb Code    54  stm32746g_discovery_ts.o(i.BSP_TS_ResetTouchData)
    Buttons_Initialize                       0x0800122d   Thumb Code    56  buttons_746g_discovery.o(i.Buttons_Initialize)
    FMC_SDRAM_Init                           0x080014c5   Thumb Code   116  stm32f7xx_ll_fmc.o(i.FMC_SDRAM_Init)
    FMC_SDRAM_ProgramRefreshRate             0x08001539   Thumb Code    14  stm32f7xx_ll_fmc.o(i.FMC_SDRAM_ProgramRefreshRate)
    FMC_SDRAM_SendCommand                    0x08001547   Thumb Code    86  stm32f7xx_ll_fmc.o(i.FMC_SDRAM_SendCommand)
    FMC_SDRAM_Timing_Init                    0x0800159d   Thumb Code   152  stm32f7xx_ll_fmc.o(i.FMC_SDRAM_Timing_Init)
    HAL_DMA2D_ConfigLayer                    0x08001635   Thumb Code   280  stm32f7xx_hal_dma2d.o(i.HAL_DMA2D_ConfigLayer)
    HAL_DMA2D_Init                           0x08001751   Thumb Code    98  stm32f7xx_hal_dma2d.o(i.HAL_DMA2D_Init)
    HAL_DMA2D_MspInit                        0x080017b3   Thumb Code     2  stm32f7xx_hal_dma2d.o(i.HAL_DMA2D_MspInit)
    HAL_DMA2D_PollForTransfer                0x080017b5   Thumb Code   262  stm32f7xx_hal_dma2d.o(i.HAL_DMA2D_PollForTransfer)
    HAL_DMA2D_Start                          0x080018bb   Thumb Code    90  stm32f7xx_hal_dma2d.o(i.HAL_DMA2D_Start)
    HAL_DMA_DeInit                           0x08001915   Thumb Code  3932  stm32f7xx_hal_dma.o(i.HAL_DMA_DeInit)
    HAL_DMA_Init                             0x08002879   Thumb Code   120  stm32f7xx_hal_dma.o(i.HAL_DMA_Init)
    HAL_Delay                                0x080028f5   Thumb Code    26  stm32f7xx_hal.o(i.HAL_Delay)
    HAL_GPIO_Init                            0x08002911   Thumb Code   484  stm32f7xx_hal_gpio.o(i.HAL_GPIO_Init)
    HAL_GPIO_WritePin                        0x08002b29   Thumb Code    12  stm32f7xx_hal_gpio.o(i.HAL_GPIO_WritePin)
    HAL_GetTick                              0x08002b35   Thumb Code     6  main.o(i.HAL_GetTick)
    HAL_I2C_DeInit                           0x08002b41   Thumb Code    54  stm32f7xx_hal_i2c.o(i.HAL_I2C_DeInit)
    HAL_I2C_GetState                         0x08002b77   Thumb Code     8  stm32f7xx_hal_i2c.o(i.HAL_I2C_GetState)
    HAL_I2C_Init                             0x08002b81   Thumb Code   176  stm32f7xx_hal_i2c.o(i.HAL_I2C_Init)
    HAL_I2C_Mem_Read                         0x08002c35   Thumb Code   368  stm32f7xx_hal_i2c.o(i.HAL_I2C_Mem_Read)
    HAL_I2C_Mem_Write                        0x08002da9   Thumb Code   370  stm32f7xx_hal_i2c.o(i.HAL_I2C_Mem_Write)
    HAL_I2C_MspDeInit                        0x08002f21   Thumb Code     2  stm32f7xx_hal_i2c.o(i.HAL_I2C_MspDeInit)
    HAL_I2C_MspInit                          0x08002f23   Thumb Code     2  stm32f7xx_hal_i2c.o(i.HAL_I2C_MspInit)
    HAL_Init                                 0x08002f25   Thumb Code    34  stm32f7xx_hal.o(i.HAL_Init)
    HAL_InitTick                             0x08002f4d   Thumb Code    36  stm32f7xx_hal.o(i.HAL_InitTick)
    HAL_LTDC_ConfigLayer                     0x08002f71   Thumb Code    94  stm32f7xx_hal_ltdc.o(i.HAL_LTDC_ConfigLayer)
    HAL_LTDC_GetState                        0x08002fcf   Thumb Code     8  stm32f7xx_hal_ltdc.o(i.HAL_LTDC_GetState)
    HAL_LTDC_Init                            0x08002fd9   Thumb Code   290  stm32f7xx_hal_ltdc.o(i.HAL_LTDC_Init)
    HAL_LTDC_MspInit                         0x08003101   Thumb Code     2  stm32f7xx_hal_ltdc.o(i.HAL_LTDC_MspInit)
    HAL_LTDC_SetAlpha                        0x08003103   Thumb Code    92  stm32f7xx_hal_ltdc.o(i.HAL_LTDC_SetAlpha)
    HAL_MPU_ConfigRegion                     0x08003161   Thumb Code    88  stm32f7xx_hal_cortex.o(i.HAL_MPU_ConfigRegion)
    HAL_MspInit                              0x080031bd   Thumb Code     2  stm32f7xx_hal.o(i.HAL_MspInit)
    HAL_NVIC_EnableIRQ                       0x080031bf   Thumb Code    26  stm32f7xx_hal_cortex.o(i.HAL_NVIC_EnableIRQ)
    HAL_NVIC_SetPriority                     0x080031d9   Thumb Code   124  stm32f7xx_hal_cortex.o(i.HAL_NVIC_SetPriority)
    HAL_NVIC_SetPriorityGrouping             0x08003255   Thumb Code    32  stm32f7xx_hal_cortex.o(i.HAL_NVIC_SetPriorityGrouping)
    HAL_PWREx_EnableOverDrive                0x0800327d   Thumb Code   136  stm32f7xx_hal_pwr_ex.o(i.HAL_PWREx_EnableOverDrive)
    HAL_RCCEx_PeriphCLKConfig                0x0800330d   Thumb Code  1944  stm32f7xx_hal_rcc_ex.o(i.HAL_RCCEx_PeriphCLKConfig)
    HAL_RCC_ClockConfig                      0x08003aa9   Thumb Code   608  stm32f7xx_hal_rcc.o(i.HAL_RCC_ClockConfig)
    HAL_RCC_GetHCLKFreq                      0x08003d11   Thumb Code    42  stm32f7xx_hal_rcc.o(i.HAL_RCC_GetHCLKFreq)
    HAL_RCC_GetSysClockFreq                  0x08003d49   Thumb Code   168  stm32f7xx_hal_rcc.o(i.HAL_RCC_GetSysClockFreq)
    HAL_RCC_OscConfig                        0x08003dfd   Thumb Code  1360  stm32f7xx_hal_rcc.o(i.HAL_RCC_OscConfig)
    HAL_SDRAM_Init                           0x08004351   Thumb Code    64  stm32f7xx_hal_sdram.o(i.HAL_SDRAM_Init)
    HAL_SDRAM_MspInit                        0x08004391   Thumb Code     2  stm32f7xx_hal_sdram.o(i.HAL_SDRAM_MspInit)
    HAL_SDRAM_ProgramRefreshRate             0x08004393   Thumb Code    40  stm32f7xx_hal_sdram.o(i.HAL_SDRAM_ProgramRefreshRate)
    HAL_SDRAM_SendCommand                    0x080043bb   Thumb Code    58  stm32f7xx_hal_sdram.o(i.HAL_SDRAM_SendCommand)
    HAL_SYSTICK_Config                       0x080043f5   Thumb Code    52  stm32f7xx_hal_cortex.o(i.HAL_SYSTICK_Config)
    LCDinit                                  0x080049a5   Thumb Code   194  main.o(i.LCDinit)
    SystemInit                               0x08004f31   Thumb Code    82  system_stm32f7xx.o(i.SystemInit)
    TS_IO_Delay                              0x08004f95   Thumb Code    12  stm32746g_discovery.o(i.TS_IO_Delay)
    TS_IO_Init                               0x08004fa1   Thumb Code    10  stm32746g_discovery.o(i.TS_IO_Init)
    TS_IO_Read                               0x08004fb1   Thumb Code    36  stm32746g_discovery.o(i.TS_IO_Read)
    TS_IO_Write                              0x08004fd9   Thumb Code    32  stm32746g_discovery.o(i.TS_IO_Write)
    TouchScreenInit                          0x08004ffd   Thumb Code    24  main.o(i.TouchScreenInit)
    _init_box                                0x08005015   Thumb Code    70  rt_membox.o(i._init_box)
    _mutex_acquire                           0x0800505d   Thumb Code    22  rtx_conf_cm.o(i._mutex_acquire)
    _mutex_release                           0x0800507d   Thumb Code    18  rtx_conf_cm.o(i._mutex_release)
    dbg_init                                 0x08005099   Thumb Code    34  hal_cm.o(i.dbg_init)
    dbg_task_notify                          0x080050c9   Thumb Code    32  hal_cm.o(i.dbg_task_notify)
    dbg_task_switch                          0x080050e9   Thumb Code    16  hal_cm.o(i.dbg_task_switch)
    ft5336_Init                              0x0800511d   Thumb Code    16  ft5336.o(i.ft5336_Init)
    ft5336_ReadID                            0x0800512d   Thumb Code    58  ft5336.o(i.ft5336_ReadID)
    ft5336_Reset                             0x08005167   Thumb Code     2  ft5336.o(i.ft5336_Reset)
    ft5336_TS_ClearIT                        0x08005169   Thumb Code     2  ft5336.o(i.ft5336_TS_ClearIT)
    ft5336_TS_DetectTouch                    0x08005171   Thumb Code    58  ft5336.o(i.ft5336_TS_DetectTouch)
    ft5336_TS_DisableIT                      0x080051b1   Thumb Code    20  ft5336.o(i.ft5336_TS_DisableIT)
    ft5336_TS_EnableIT                       0x080051c5   Thumb Code    20  ft5336.o(i.ft5336_TS_EnableIT)
    ft5336_TS_GetGestureID                   0x080051d9   Thumb Code    28  ft5336.o(i.ft5336_TS_GetGestureID)
    ft5336_TS_GetTouchInfo                   0x080051f5   Thumb Code   258  ft5336.o(i.ft5336_TS_GetTouchInfo)
    ft5336_TS_GetXY                          0x080052fd   Thumb Code   346  ft5336.o(i.ft5336_TS_GetXY)
    ft5336_TS_ITStatus                       0x08005461   Thumb Code     6  ft5336.o(i.ft5336_TS_ITStatus)
    ft5336_TS_Start                          0x08005467   Thumb Code    22  ft5336.o(i.ft5336_TS_Start)
    isrMessageGet                            0x080054a9   Thumb Code    42  rt_cmsis.o(i.isrMessageGet)
    isrMessagePut                            0x080054d3   Thumb Code    44  rt_cmsis.o(i.isrMessagePut)
    isr_mbx_receive                          0x08005501   Thumb Code    82  rt_mailbox.o(i.isr_mbx_receive)
    isr_mbx_send                             0x08005553   Thumb Code    14  rt_mailbox.o(i.isr_mbx_send)
    mPort_Initialize                         0x08005561   Thumb Code    60  main.o(i.mPort_Initialize)
    main                                     0x080055a5   Thumb Code   156  main.o(i.main)
    osKernelInitialize                       0x08005645   Thumb Code    30  rt_cmsis.o(i.osKernelInitialize)
    osKernelStart                            0x08005669   Thumb Code    98  rt_cmsis.o(i.osKernelStart)
    osMessageGet                             0x080056d5   Thumb Code    18  rt_cmsis.o(i.osMessageGet)
    osThreadCreate                           0x080056ed   Thumb Code    38  rt_cmsis.o(i.osThreadCreate)
    osThreadExit                             0x0800571d   Thumb Code    14  rt_cmsis.o(i.osThreadExit)
    osTimerCall                              0x08005735   Thumb Code     8  rt_cmsis.o(i.osTimerCall)
    osTimerThread                            0x08005741   Thumb Code    38  rt_cmsis.o(i.osTimerThread)
    os_error                                 0x0800576d   Thumb Code    32  rtx_conf_cm.o(i.os_error)
    os_idle_demon                            0x0800578d   Thumb Code     4  rtx_conf_cm.o(i.os_idle_demon)
    os_tick_init                             0x08005791   Thumb Code    32  rt_system.o(i.os_tick_init)
    os_tick_irqack                           0x080057b9   Thumb Code     2  rt_system.o(i.os_tick_irqack)
    rt_alloc_box                             0x080057bb   Thumb Code    26  rt_membox.o(i.rt_alloc_box)
    rt_alloc_mem                             0x080057d5   Thumb Code    62  rt_memory.o(i.rt_alloc_mem)
    rt_block                                 0x08005815   Thumb Code    48  rt_task.o(i.rt_block)
    rt_chk_robin                             0x0800584d   Thumb Code     2  rtx_conf_cm.o(i.rt_chk_robin)
    rt_dec_dly                               0x08005851   Thumb Code   102  rt_list.o(i.rt_dec_dly)
    rt_dispatch                              0x080058c1   Thumb Code    60  rt_task.o(i.rt_dispatch)
    rt_evt_psh                               0x08005905   Thumb Code    76  rt_event.o(i.rt_evt_psh)
    rt_free_box                              0x08005955   Thumb Code    44  rt_membox.o(i.rt_free_box)
    rt_free_mem                              0x08005981   Thumb Code    40  rt_memory.o(i.rt_free_mem)
    rt_get_first                             0x080059a9   Thumb Code    40  rt_list.o(i.rt_get_first)
    rt_init_mem                              0x08005a21   Thumb Code    26  rt_memory.o(i.rt_init_mem)
    rt_init_robin                            0x08005a3b   Thumb Code     2  rtx_conf_cm.o(i.rt_init_robin)
    rt_init_stack                            0x08005a3d   Thumb Code   118  hal_cm.o(i.rt_init_stack)
    rt_mbx_check                             0x08005abd   Thumb Code     8  rt_mailbox.o(i.rt_mbx_check)
    rt_mbx_init                              0x08005ac5   Thumb Code    26  rt_mailbox.o(i.rt_mbx_init)
    rt_mbx_psh                               0x08005ae1   Thumb Code   236  rt_mailbox.o(i.rt_mbx_psh)
    rt_mbx_wait                              0x08005bd1   Thumb Code   174  rt_mailbox.o(i.rt_mbx_wait)
    rt_mut_release                           0x08005cc9   Thumb Code   208  rt_mutex.o(i.rt_mut_release)
    rt_mut_wait                              0x08005da1   Thumb Code   100  rt_mutex.o(i.rt_mut_wait)
    rt_pop_req                               0x08005e09   Thumb Code   112  rt_system.o(i.rt_pop_req)
    rt_psh_req                               0x08005e85   Thumb Code    22  rt_system.o(i.rt_psh_req)
    rt_psq_enq                               0x08005ea5   Thumb Code    88  rt_list.o(i.rt_psq_enq)
    rt_put_dly                               0x08005f01   Thumb Code    68  rt_list.o(i.rt_put_dly)
    rt_put_prio                              0x08005f49   Thumb Code    54  rt_list.o(i.rt_put_prio)
    rt_put_rdy_first                         0x08005f81   Thumb Code    14  rt_list.o(i.rt_put_rdy_first)
    rt_resort_prio                           0x08005f95   Thumb Code    46  rt_list.o(i.rt_resort_prio)
    rt_ret_val                               0x08005fd9   Thumb Code    12  hal_cm.o(i.rt_ret_val)
    rt_ret_val2                              0x08005fe5   Thumb Code    16  hal_cm.o(i.rt_ret_val2)
    rt_rmv_dly                               0x08005ff5   Thumb Code    40  rt_list.o(i.rt_rmv_dly)
    rt_rmv_list                              0x0800601d   Thumb Code    44  rt_list.o(i.rt_rmv_list)
    rt_sem_psh                               0x0800604d   Thumb Code    48  rt_semaphore.o(i.rt_sem_psh)
    rt_stk_check                             0x08006081   Thumb Code    28  rt_system.o(i.rt_stk_check)
    rt_switch_req                            0x080060a5   Thumb Code    30  rt_task.o(i.rt_switch_req)
    rt_sys_init                              0x080060cd   Thumb Code   138  rt_task.o(i.rt_sys_init)
    rt_sys_start                             0x08006199   Thumb Code   110  rt_task.o(i.rt_sys_start)
    rt_systick                               0x08006211   Thumb Code    50  rt_system.o(i.rt_systick)
    rt_tsk_create                            0x08006299   Thumb Code   118  rt_task.o(i.rt_tsk_create)
    rt_tsk_delete                            0x08006321   Thumb Code   352  rt_task.o(i.rt_tsk_delete)
    rt_tsk_prio                              0x0800649d   Thumb Code   108  rt_task.o(i.rt_tsk_prio)
    rt_tsk_self                              0x08006519   Thumb Code    12  rt_task.o(i.rt_tsk_self)
    svcKernelInitialize                      0x08006621   Thumb Code    80  rt_cmsis.o(i.svcKernelInitialize)
    svcKernelStart                           0x08006691   Thumb Code    62  rt_cmsis.o(i.svcKernelStart)
    svcMessageCreate                         0x080066d9   Thumb Code    36  rt_cmsis.o(i.svcMessageCreate)
    svcMessageGet                            0x080066fd   Thumb Code    58  rt_cmsis.o(i.svcMessageGet)
    svcThreadCreate                          0x08006739   Thumb Code   100  rt_cmsis.o(i.svcThreadCreate)
    svcThreadGetId                           0x080067a9   Thumb Code    22  rt_cmsis.o(i.svcThreadGetId)
    svcThreadTerminate                       0x080067c5   Thumb Code    50  rt_cmsis.o(i.svcThreadTerminate)
    svcTimerCall                             0x080067fd   Thumb Code    24  rt_cmsis.o(i.svcTimerCall)
    sysTimerTick                             0x08006815   Thumb Code    84  rt_cmsis.o(i.sysTimerTick)
    _fp_init                                 0x08006871   Thumb Code    10  fpinit.o(x$fpl$fpinit)
    __fplib_config_fpu_vfp                   0x08006879   Thumb Code     0  fpinit.o(x$fpl$fpinit)
    __fplib_config_pureend_doubles           0x08006879   Thumb Code     0  fpinit.o(x$fpl$fpinit)
    Font24_Table                             0x080068ac   Data        6840  stm32746g_discovery_lcd.o(.constdata)
    Font20_Table                             0x08008364   Data        3800  stm32746g_discovery_lcd.o(.constdata)
    Font16_Table                             0x0800923c   Data        3040  stm32746g_discovery_lcd.o(.constdata)
    Font12_Table                             0x08009e1c   Data        1140  stm32746g_discovery_lcd.o(.constdata)
    Font8_Table                              0x0800a290   Data         760  stm32746g_discovery_lcd.o(.constdata)
    os_maxtaskrun                            0x0800a588   Data           2  rtx_conf_cm.o(.constdata)
    os_stackinfo                             0x0800a58c   Data           4  rtx_conf_cm.o(.constdata)
    os_rrobin                                0x0800a590   Data           4  rtx_conf_cm.o(.constdata)
    os_tickfreq                              0x0800a594   Data           4  rtx_conf_cm.o(.constdata)
    os_tickus_i                              0x0800a598   Data           2  rtx_conf_cm.o(.constdata)
    os_tickus_f                              0x0800a59a   Data           2  rtx_conf_cm.o(.constdata)
    os_trv                                   0x0800a59c   Data           4  rtx_conf_cm.o(.constdata)
    os_flags                                 0x0800a5a0   Data           1  rtx_conf_cm.o(.constdata)
    CMSIS_RTOS_API_Version                   0x0800a5a4   Data           4  rtx_conf_cm.o(.constdata)
    CMSIS_RTOS_RTX_Version                   0x0800a5a8   Data           4  rtx_conf_cm.o(.constdata)
    os_clockrate                             0x0800a5ac   Data           4  rtx_conf_cm.o(.constdata)
    os_timernum                              0x0800a5b0   Data           4  rtx_conf_cm.o(.constdata)
    mp_tcb_size                              0x0800a5b4   Data           2  rtx_conf_cm.o(.constdata)
    mp_stk_size                              0x0800a5b8   Data           4  rtx_conf_cm.o(.constdata)
    os_stack_sz                              0x0800a5bc   Data           4  rtx_conf_cm.o(.constdata)
    os_fifo_size                             0x0800a5c0   Data           1  rtx_conf_cm.o(.constdata)
    os_thread_def_osTimerThread              0x0800a5c4   Data          16  rtx_conf_cm.o(.constdata)
    os_messageQ_def_osTimerMessageQ          0x0800a5d4   Data           8  rtx_conf_cm.o(.constdata)
    mp_tmr_size                              0x0800a5dc   Data           2  rtx_conf_cm.o(.constdata)
    APBAHBPrescTable                         0x0800a5de   Data          16  stm32f7xx_hal_rcc.o(.constdata)
    Region$$Table$$Base                      0x0800a5f0   Number         0  anon$$obj.o(Region$$Table)
    Region$$Table$$Limit                     0x0800a610   Number         0  anon$$obj.o(Region$$Table)
    m_nCurrentLine                           0x20010000   Data           4  main.o(.data)
    ft5336_ts_drv                            0x20010004   Data          40  ft5336.o(.data)
    Font24                                   0x20010034   Data           8  stm32746g_discovery_lcd.o(.data)
    Font20                                   0x2001003c   Data           8  stm32746g_discovery_lcd.o(.data)
    Font16                                   0x20010044   Data           8  stm32746g_discovery_lcd.o(.data)
    Font12                                   0x2001004c   Data           8  stm32746g_discovery_lcd.o(.data)
    Font8                                    0x20010054   Data           8  stm32746g_discovery_lcd.o(.data)
    osThreadId_osTimerThread                 0x20010070   Data           4  rtx_conf_cm.o(.data)
    osMessageQId_osTimerMessageQ             0x20010074   Data           4  rtx_conf_cm.o(.data)
    os_tmr                                   0x20010078   Data           4  rtx_conf_cm.o(.data)
    m_tmr                                    0x2001007c   Data           4  rtx_conf_cm.o(.data)
    os_thread_def_main                       0x20010084   Data          16  rtx_conf_cm.o(.data)
    SystemCoreClock                          0x20010094   Data           4  system_stm32f7xx.o(.data)
    os_initialized                           0x20010098   Data           1  rt_cmsis.o(.data)
    os_running                               0x20010099   Data           1  rt_cmsis.o(.data)
    os_timer_head                            0x2001009c   Data           4  rt_cmsis.o(.data)
    os_tsk                                   0x200100a0   Data           8  rt_task.o(.data)
    os_time                                  0x200100a8   Data           4  rt_time.o(.data)
    os_tick_irqn                             0x200100b0   Data           4  rt_system.o(.data)
    dbg_msg                                  0x200100b4   Data           1  hal_cm.o(.data)
    mp_tcb                                   0x200103e0   Data         376  rtx_conf_cm.o(.bss)
    mp_stk                                   0x20010558   Data         616  rtx_conf_cm.o(.bss)
    os_stack_mem                             0x200107c0   Data        9272  rtx_conf_cm.o(.bss)
    os_fifo                                  0x20012bf8   Data         132  rtx_conf_cm.o(.bss)
    os_active_TCB                            0x20012c7c   Data          28  rtx_conf_cm.o(.bss)
    os_messageQ_q_osTimerMessageQ            0x20012c98   Data          32  rtx_conf_cm.o(.bss)
    os_idle_TCB                              0x20012fd8   Data          52  rt_task.o(.bss)
    os_rdy                                   0x2001300c   Data          24  rt_list.o(.bss)
    os_dly                                   0x20013024   Data          24  rt_list.o(.bss)
    __libspace_start                         0x2001303c   Data          96  libspace.o(.bss)
    __temporary_stack_top$libspace           0x2001309c   Data           0  libspace.o(.bss)



==============================================================================

Memory Map of the image

  Image Entry point : 0x080001c9

  Load Region LR_IROM1 (Base: 0x08000000, Size: 0x0000a6c8, Max: 0x00100000, ABSOLUTE)

    Execution Region ER_IROM1 (Base: 0x08000000, Size: 0x0000a610, Max: 0x00100000, ABSOLUTE)

    Base Addr    Size         Type   Attr      Idx    E Section Name        Object

    0x08000000   0x000001c8   Data   RO         3912    RESET               startup_stm32f746xx.o
    0x080001c8   0x00000008   Code   RO         5186  * !!!main             c_w.l(__main.o)
    0x080001d0   0x00000034   Code   RO         5346    !!!scatter          c_w.l(__scatter.o)
    0x08000204   0x0000001a   Code   RO         5348    !!handler_copy      c_w.l(__scatter_copy.o)
    0x0800021e   0x00000002   PAD
    0x08000220   0x0000001c   Code   RO         5350    !!handler_zi        c_w.l(__scatter_zi.o)
    0x0800023c   0x00000002   Code   RO         5233    .ARM.Collect$$libinit$$00000000  c_w.l(libinit.o)
    0x0800023e   0x00000004   Code   RO         5244    .ARM.Collect$$libinit$$00000001  c_w.l(libinit2.o)
    0x08000242   0x00000000   Code   RO         5247    .ARM.Collect$$libinit$$00000004  c_w.l(libinit2.o)
    0x08000242   0x00000000   Code   RO         5250    .ARM.Collect$$libinit$$0000000A  c_w.l(libinit2.o)
    0x08000242   0x00000000   Code   RO         5252    .ARM.Collect$$libinit$$0000000C  c_w.l(libinit2.o)
    0x08000242   0x00000000   Code   RO         5254    .ARM.Collect$$libinit$$0000000E  c_w.l(libinit2.o)
    0x08000242   0x00000000   Code   RO         5257    .ARM.Collect$$libinit$$00000011  c_w.l(libinit2.o)
    0x08000242   0x00000000   Code   RO         5259    .ARM.Collect$$libinit$$00000013  c_w.l(libinit2.o)
    0x08000242   0x00000000   Code   RO         5261    .ARM.Collect$$libinit$$00000015  c_w.l(libinit2.o)
    0x08000242   0x00000000   Code   RO         5263    .ARM.Collect$$libinit$$00000017  c_w.l(libinit2.o)
    0x08000242   0x00000000   Code   RO         5265    .ARM.Collect$$libinit$$00000019  c_w.l(libinit2.o)
    0x08000242   0x00000000   Code   RO         5267    .ARM.Collect$$libinit$$0000001B  c_w.l(libinit2.o)
    0x08000242   0x00000000   Code   RO         5269    .ARM.Collect$$libinit$$0000001D  c_w.l(libinit2.o)
    0x08000242   0x00000000   Code   RO         5271    .ARM.Collect$$libinit$$0000001F  c_w.l(libinit2.o)
    0x08000242   0x00000000   Code   RO         5273    .ARM.Collect$$libinit$$00000021  c_w.l(libinit2.o)
    0x08000242   0x00000000   Code   RO         5275    .ARM.Collect$$libinit$$00000023  c_w.l(libinit2.o)
    0x08000242   0x00000000   Code   RO         5277    .ARM.Collect$$libinit$$00000025  c_w.l(libinit2.o)
    0x08000242   0x00000000   Code   RO         5281    .ARM.Collect$$libinit$$0000002C  c_w.l(libinit2.o)
    0x08000242   0x00000000   Code   RO         5283    .ARM.Collect$$libinit$$0000002E  c_w.l(libinit2.o)
    0x08000242   0x00000000   Code   RO         5285    .ARM.Collect$$libinit$$00000030  c_w.l(libinit2.o)
    0x08000242   0x00000000   Code   RO         5287    .ARM.Collect$$libinit$$00000032  c_w.l(libinit2.o)
    0x08000242   0x00000002   Code   RO         5288    .ARM.Collect$$libinit$$00000033  c_w.l(libinit2.o)
    0x08000244   0x00000002   Code   RO         5234    .ARM.Collect$$libshutdown$$00000000  c_w.l(libshutdown.o)
    0x08000246   0x00000000   Code   RO         5291    .ARM.Collect$$libshutdown$$00000003  c_w.l(libshutdown2.o)
    0x08000246   0x00000000   Code   RO         5294    .ARM.Collect$$libshutdown$$00000006  c_w.l(libshutdown2.o)
    0x08000246   0x00000000   Code   RO         5297    .ARM.Collect$$libshutdown$$00000009  c_w.l(libshutdown2.o)
    0x08000246   0x00000000   Code   RO         5299    .ARM.Collect$$libshutdown$$0000000B  c_w.l(libshutdown2.o)
    0x08000246   0x00000000   Code   RO         5302    .ARM.Collect$$libshutdown$$0000000E  c_w.l(libshutdown2.o)
    0x08000246   0x00000002   Code   RO         5303    .ARM.Collect$$libshutdown$$0000000F  c_w.l(libshutdown2.o)
    0x08000248   0x00000000   Code   RO         5188    .ARM.Collect$$rtentry$$00000000  c_w.l(__rtentry.o)
    0x08000248   0x00000000   Code   RO         5196    .ARM.Collect$$rtentry$$00000002  c_w.l(__rtentry2.o)
    0x08000248   0x00000006   Code   RO         5208    .ARM.Collect$$rtentry$$00000004  c_w.l(__rtentry4.o)
    0x0800024e   0x00000000   Code   RO         5198    .ARM.Collect$$rtentry$$00000009  c_w.l(__rtentry2.o)
    0x0800024e   0x00000004   Code   RO         5199    .ARM.Collect$$rtentry$$0000000A  c_w.l(__rtentry2.o)
    0x08000252   0x00000008   Code   RO         5200    .ARM.Collect$$rtentry$$0000000B  c_w.l(__rtentry2.o)
    0x0800025a   0x00000008   Code   RO         5202    .ARM.Collect$$rtentry$$0000000D  c_w.l(__rtentry2.o)
    0x08000262   0x00000002   Code   RO         5189    .ARM.Collect$$rtexit$$00000000  c_w.l(rtexit.o)
    0x08000264   0x00000000   Code   RO         5211    .ARM.Collect$$rtexit$$00000002  c_w.l(rtexit2.o)
    0x08000264   0x00000004   Code   RO         5212    .ARM.Collect$$rtexit$$00000003  c_w.l(rtexit2.o)
    0x08000268   0x00000006   Code   RO         5213    .ARM.Collect$$rtexit$$00000004  c_w.l(rtexit2.o)
    0x0800026e   0x00000002   PAD
    0x08000270   0x0000001c   Code   RO         1361    .emb_text           rtx_conf_cm.o
    0x0800028c   0x00000198   Code   RO         5139    .emb_text           RTX_CM4.lib(hal_cm4.o)
    0x08000424   0x00000040   Code   RO         3913    .text               startup_stm32f746xx.o
    0x08000464   0x00000008   Code   RO         5175    .text               c_w.l(libspace.o)
    0x0800046c   0x0000000c   Code   RO         5180    .text               c_w.l(exit.o)
    0x08000478   0x00000064   Code   RO         5182    .text               c_w.l(rt_memcpy_w.o)
    0x080004dc   0x00000006   Code   RO         5184    .text               c_w.l(heapauxi.o)
    0x080004e2   0x00000002   PAD
    0x080004e4   0x0000000c   Code   RO         5219    .text               c_w.l(sys_exit.o)
    0x080004f0   0x0000004a   Code   RO         5221    .text               c_w.l(sys_stackheap_outer.o)
    0x0800053a   0x00000002   Code   RO         5235    .text               c_w.l(use_no_semi.o)
    0x0800053c   0x00000000   Code   RO         5237    .text               c_w.l(indicate_semi.o)
    0x0800053c   0x00000004   Code   RO         5170    SVC_TABLE           RTX_CM4.lib(svc_table.o)
    0x08000540   0x00000040   Code   RO          592    i.BSP_LCD_Clear     stm32746g_discovery_lcd.o
    0x08000580   0x0000002c   Code   RO          594    i.BSP_LCD_ClockConfig  stm32746g_discovery_lcd.o
    0x080005ac   0x00000068   Code   RO          596    i.BSP_LCD_DisplayChar  stm32746g_discovery_lcd.o
    0x08000614   0x00000034   Code   RO          598    i.BSP_LCD_DisplayOn  stm32746g_discovery_lcd.o
    0x08000648   0x00000128   Code   RO          599    i.BSP_LCD_DisplayStringAt  stm32746g_discovery_lcd.o
    0x08000770   0x0000001e   Code   RO          600    i.BSP_LCD_DisplayStringAtLine  stm32746g_discovery_lcd.o
    0x0800078e   0x00000002   PAD
    0x08000790   0x0000006c   Code   RO          606    i.BSP_LCD_DrawPixel  stm32746g_discovery_lcd.o
    0x080007fc   0x0000001c   Code   RO          615    i.BSP_LCD_GetFont   stm32746g_discovery_lcd.o
    0x08000818   0x00000020   Code   RO          617    i.BSP_LCD_GetXSize  stm32746g_discovery_lcd.o
    0x08000838   0x00000020   Code   RO          618    i.BSP_LCD_GetYSize  stm32746g_discovery_lcd.o
    0x08000858   0x000000b0   Code   RO          619    i.BSP_LCD_Init      stm32746g_discovery_lcd.o
    0x08000908   0x00000090   Code   RO          620    i.BSP_LCD_LayerDefaultInit  stm32746g_discovery_lcd.o
    0x08000998   0x000001ac   Code   RO          623    i.BSP_LCD_MspInit   stm32746g_discovery_lcd.o
    0x08000b44   0x0000000c   Code   RO          626    i.BSP_LCD_SelectLayer  stm32746g_discovery_lcd.o
    0x08000b50   0x0000001c   Code   RO          627    i.BSP_LCD_SetBackColor  stm32746g_discovery_lcd.o
    0x08000b6c   0x0000001c   Code   RO          629    i.BSP_LCD_SetFont   stm32746g_discovery_lcd.o
    0x08000b88   0x00000050   Code   RO          631    i.BSP_LCD_SetLayerVisible  stm32746g_discovery_lcd.o
    0x08000bd8   0x00000018   Code   RO          633    i.BSP_LCD_SetTextColor  stm32746g_discovery_lcd.o
    0x08000bf0   0x00000018   Code   RO          634    i.BSP_LCD_SetTransparency  stm32746g_discovery_lcd.o
    0x08000c08   0x0000008c   Code   RO          928    i.BSP_SDRAM_Init    stm32746g_discovery_sdram.o
    0x08000c94   0x00000098   Code   RO          929    i.BSP_SDRAM_Initialization_sequence  stm32746g_discovery_sdram.o
    0x08000d2c   0x000001c8   Code   RO          931    i.BSP_SDRAM_MspInit  stm32746g_discovery_sdram.o
    0x08000ef4   0x0000022c   Code   RO         1014    i.BSP_TS_GetState   stm32746g_discovery_ts.o
    0x08001120   0x00000070   Code   RO         1015    i.BSP_TS_Get_GestureId  stm32746g_discovery_ts.o
    0x08001190   0x00000064   Code   RO         1019    i.BSP_TS_Init       stm32746g_discovery_ts.o
    0x080011f4   0x00000036   Code   RO         1020    i.BSP_TS_ResetTouchData  stm32746g_discovery_ts.o
    0x0800122a   0x00000002   PAD
    0x0800122c   0x00000040   Code   RO         1084    i.Buttons_Initialize  buttons_746g_discovery.o
    0x0800126c   0x00000068   Code   RO            4    i.CPU_CACHE_Enable  main.o
    0x080012d4   0x000000e6   Code   RO         1800    i.DMA2D_SetConfig   stm32f7xx_hal_dma2d.o
    0x080013ba   0x00000002   PAD
    0x080013bc   0x00000104   Code   RO          637    i.DrawChar          stm32746g_discovery_lcd.o
    0x080014c0   0x00000004   Code   RO            5    i.Error_Handler     main.o
    0x080014c4   0x00000074   Code   RO         3778    i.FMC_SDRAM_Init    stm32f7xx_ll_fmc.o
    0x08001538   0x0000000e   Code   RO         3779    i.FMC_SDRAM_ProgramRefreshRate  stm32f7xx_ll_fmc.o
    0x08001546   0x00000056   Code   RO         3780    i.FMC_SDRAM_SendCommand  stm32f7xx_ll_fmc.o
    0x0800159c   0x00000098   Code   RO         3782    i.FMC_SDRAM_Timing_Init  stm32f7xx_ll_fmc.o
    0x08001634   0x0000011c   Code   RO         1805    i.HAL_DMA2D_ConfigLayer  stm32f7xx_hal_dma2d.o
    0x08001750   0x00000062   Code   RO         1812    i.HAL_DMA2D_Init    stm32f7xx_hal_dma2d.o
    0x080017b2   0x00000002   Code   RO         1814    i.HAL_DMA2D_MspInit  stm32f7xx_hal_dma2d.o
    0x080017b4   0x00000106   Code   RO         1815    i.HAL_DMA2D_PollForTransfer  stm32f7xx_hal_dma2d.o
    0x080018ba   0x0000005a   Code   RO         1818    i.HAL_DMA2D_Start   stm32f7xx_hal_dma2d.o
    0x08001914   0x00000f64   Code   RO         1725    i.HAL_DMA_DeInit    stm32f7xx_hal_dma.o
    0x08002878   0x0000007c   Code   RO         1729    i.HAL_DMA_Init      stm32f7xx_hal_dma.o
    0x080028f4   0x0000001a   Code   RO         1444    i.HAL_Delay         stm32f7xx_hal.o
    0x0800290e   0x00000002   PAD
    0x08002910   0x00000218   Code   RO         1987    i.HAL_GPIO_Init     stm32f7xx_hal_gpio.o
    0x08002b28   0x0000000c   Code   RO         1991    i.HAL_GPIO_WritePin  stm32f7xx_hal_gpio.o
    0x08002b34   0x0000000c   Code   RO            6    i.HAL_GetTick       main.o
    0x08002b40   0x00000036   Code   RO         2050    i.HAL_I2C_DeInit    stm32f7xx_hal_i2c.o
    0x08002b76   0x00000008   Code   RO         2055    i.HAL_I2C_GetState  stm32f7xx_hal_i2c.o
    0x08002b7e   0x00000002   PAD
    0x08002b80   0x000000b4   Code   RO         2056    i.HAL_I2C_Init      stm32f7xx_hal_i2c.o
    0x08002c34   0x00000174   Code   RO         2068    i.HAL_I2C_Mem_Read  stm32f7xx_hal_i2c.o
    0x08002da8   0x00000178   Code   RO         2071    i.HAL_I2C_Mem_Write  stm32f7xx_hal_i2c.o
    0x08002f20   0x00000002   Code   RO         2074    i.HAL_I2C_MspDeInit  stm32f7xx_hal_i2c.o
    0x08002f22   0x00000002   Code   RO         2075    i.HAL_I2C_MspInit   stm32f7xx_hal_i2c.o
    0x08002f24   0x00000028   Code   RO         1454    i.HAL_Init          stm32f7xx_hal.o
    0x08002f4c   0x00000024   Code   RO         1455    i.HAL_InitTick      stm32f7xx_hal.o
    0x08002f70   0x0000005e   Code   RO         2399    i.HAL_LTDC_ConfigLayer  stm32f7xx_hal_ltdc.o
    0x08002fce   0x00000008   Code   RO         2409    i.HAL_LTDC_GetState  stm32f7xx_hal_ltdc.o
    0x08002fd6   0x00000002   PAD
    0x08002fd8   0x00000128   Code   RO         2411    i.HAL_LTDC_Init     stm32f7xx_hal_ltdc.o
    0x08003100   0x00000002   Code   RO         2414    i.HAL_LTDC_MspInit  stm32f7xx_hal_ltdc.o
    0x08003102   0x0000005c   Code   RO         2417    i.HAL_LTDC_SetAlpha  stm32f7xx_hal_ltdc.o
    0x0800315e   0x00000002   PAD
    0x08003160   0x0000005c   Code   RO         1595    i.HAL_MPU_ConfigRegion  stm32f7xx_hal_cortex.o
    0x080031bc   0x00000002   Code   RO         1457    i.HAL_MspInit       stm32f7xx_hal.o
    0x080031be   0x0000001a   Code   RO         1598    i.HAL_NVIC_EnableIRQ  stm32f7xx_hal_cortex.o
    0x080031d8   0x0000007c   Code   RO         1604    i.HAL_NVIC_SetPriority  stm32f7xx_hal_cortex.o
    0x08003254   0x00000028   Code   RO         1605    i.HAL_NVIC_SetPriorityGrouping  stm32f7xx_hal_cortex.o
    0x0800327c   0x00000090   Code   RO         2694    i.HAL_PWREx_EnableOverDrive  stm32f7xx_hal_pwr_ex.o
    0x0800330c   0x0000079c   Code   RO         2887    i.HAL_RCCEx_PeriphCLKConfig  stm32f7xx_hal_rcc_ex.o
    0x08003aa8   0x00000268   Code   RO         2781    i.HAL_RCC_ClockConfig  stm32f7xx_hal_rcc.o
    0x08003d10   0x00000038   Code   RO         2786    i.HAL_RCC_GetHCLKFreq  stm32f7xx_hal_rcc.o
    0x08003d48   0x000000b4   Code   RO         2790    i.HAL_RCC_GetSysClockFreq  stm32f7xx_hal_rcc.o
    0x08003dfc   0x00000554   Code   RO         2793    i.HAL_RCC_OscConfig  stm32f7xx_hal_rcc.o
    0x08004350   0x00000040   Code   RO         2927    i.HAL_SDRAM_Init    stm32f7xx_hal_sdram.o
    0x08004390   0x00000002   Code   RO         2929    i.HAL_SDRAM_MspInit  stm32f7xx_hal_sdram.o
    0x08004392   0x00000028   Code   RO         2930    i.HAL_SDRAM_ProgramRefreshRate  stm32f7xx_hal_sdram.o
    0x080043ba   0x0000003a   Code   RO         2936    i.HAL_SDRAM_SendCommand  stm32f7xx_hal_sdram.o
    0x080043f4   0x00000034   Code   RO         1609    i.HAL_SYSTICK_Config  stm32f7xx_hal_cortex.o
    0x08004428   0x000000b8   Code   RO         2091    i.I2C_IsAcknowledgeFailed  stm32f7xx_hal_i2c.o
    0x080044e0   0x00000082   Code   RO         2094    i.I2C_RequestMemoryRead  stm32f7xx_hal_i2c.o
    0x08004562   0x00000082   Code   RO         2095    i.I2C_RequestMemoryWrite  stm32f7xx_hal_i2c.o
    0x080045e4   0x00000030   Code   RO         2098    i.I2C_TransferConfig  stm32f7xx_hal_i2c.o
    0x08004614   0x000000a4   Code   RO         2099    i.I2C_WaitOnFlagUntilTimeout  stm32f7xx_hal_i2c.o
    0x080046b8   0x00000056   Code   RO         2101    i.I2C_WaitOnSTOPFlagUntilTimeout  stm32f7xx_hal_i2c.o
    0x0800470e   0x00000058   Code   RO         2102    i.I2C_WaitOnTXISFlagUntilTimeout  stm32f7xx_hal_i2c.o
    0x08004766   0x00000014   Code   RO          388    i.I2Cx_Error        stm32746g_discovery.o
    0x0800477a   0x00000002   PAD
    0x0800477c   0x00000050   Code   RO          389    i.I2Cx_Init         stm32746g_discovery.o
    0x080047cc   0x00000164   Code   RO          391    i.I2Cx_MspInit      stm32746g_discovery.o
    0x08004930   0x0000003a   Code   RO          392    i.I2Cx_ReadMultiple  stm32746g_discovery.o
    0x0800496a   0x0000003a   Code   RO          393    i.I2Cx_WriteMultiple  stm32746g_discovery.o
    0x080049a4   0x0000012c   Code   RO            7    i.LCDinit           main.o
    0x08004ad0   0x00000088   Code   RO          640    i.LL_FillBuffer     stm32746g_discovery_lcd.o
    0x08004b58   0x00000212   Code   RO         2421    i.LTDC_SetConfig    stm32f7xx_hal_ltdc.o
    0x08004d6a   0x00000002   PAD
    0x08004d6c   0x00000084   Code   RO            8    i.MPU_Config        main.o
    0x08004df0   0x00000010   Code   RO         1611    i.NVIC_GetPriorityGrouping  stm32f7xx_hal_cortex.o
    0x08004e00   0x00000028   Code   RO         1612    i.NVIC_SetPriority  stm32f7xx_hal_cortex.o
    0x08004e28   0x0000009c   Code   RO            9    i.SCB_EnableDCache  main.o
    0x08004ec4   0x0000006a   Code   RO           10    i.SystemClock_Config  main.o
    0x08004f2e   0x00000002   PAD
    0x08004f30   0x00000064   Code   RO         3921    i.SystemInit        system_stm32f7xx.o
    0x08004f94   0x0000000c   Code   RO          394    i.TS_IO_Delay       stm32746g_discovery.o
    0x08004fa0   0x00000010   Code   RO          395    i.TS_IO_Init        stm32746g_discovery.o
    0x08004fb0   0x00000028   Code   RO          396    i.TS_IO_Read        stm32746g_discovery.o
    0x08004fd8   0x00000024   Code   RO          397    i.TS_IO_Write       stm32746g_discovery.o
    0x08004ffc   0x00000018   Code   RO           12    i.TouchScreenInit   main.o
    0x08005014   0x00000046   Code   RO         5033    i._init_box         RTX_CM4.lib(rt_membox.o)
    0x0800505a   0x00000002   PAD
    0x0800505c   0x00000020   Code   RO         1363    i._mutex_acquire    rtx_conf_cm.o
    0x0800507c   0x0000001c   Code   RO         1365    i._mutex_release    rtx_conf_cm.o
    0x08005098   0x00000030   Code   RO         5086    i.dbg_init          RTX_CM4.lib(hal_cm.o)
    0x080050c8   0x00000020   Code   RO         5087    i.dbg_task_notify   RTX_CM4.lib(hal_cm.o)
    0x080050e8   0x00000010   Code   RO         5088    i.dbg_task_switch   RTX_CM4.lib(hal_cm.o)
    0x080050f8   0x0000000c   Code   RO          259    i.ft5336_Get_I2C_InitializedStatus  ft5336.o
    0x08005104   0x00000018   Code   RO          260    i.ft5336_I2C_InitializeIfRequired  ft5336.o
    0x0800511c   0x00000010   Code   RO          261    i.ft5336_Init       ft5336.o
    0x0800512c   0x0000003a   Code   RO          262    i.ft5336_ReadID     ft5336.o
    0x08005166   0x00000002   Code   RO          263    i.ft5336_Reset      ft5336.o
    0x08005168   0x00000002   Code   RO          264    i.ft5336_TS_ClearIT  ft5336.o
    0x0800516a   0x00000006   Code   RO          265    i.ft5336_TS_Configure  ft5336.o
    0x08005170   0x00000040   Code   RO          266    i.ft5336_TS_DetectTouch  ft5336.o
    0x080051b0   0x00000014   Code   RO          267    i.ft5336_TS_DisableIT  ft5336.o
    0x080051c4   0x00000014   Code   RO          268    i.ft5336_TS_EnableIT  ft5336.o
    0x080051d8   0x0000001c   Code   RO          269    i.ft5336_TS_GetGestureID  ft5336.o
    0x080051f4   0x00000108   Code   RO          270    i.ft5336_TS_GetTouchInfo  ft5336.o
    0x080052fc   0x00000164   Code   RO          271    i.ft5336_TS_GetXY   ft5336.o
    0x08005460   0x00000006   Code   RO          272    i.ft5336_TS_ITStatus  ft5336.o
    0x08005466   0x00000016   Code   RO          273    i.ft5336_TS_Start   ft5336.o
    0x0800547c   0x0000002c   Code   RO           13    i.initMessage       main.o
    0x080054a8   0x0000002a   Code   RO         3957    i.isrMessageGet     RTX_CM4.lib(rt_cmsis.o)
    0x080054d2   0x0000002c   Code   RO         3958    i.isrMessagePut     RTX_CM4.lib(rt_cmsis.o)
    0x080054fe   0x00000002   PAD
    0x08005500   0x00000052   Code   RO         4942    i.isr_mbx_receive   RTX_CM4.lib(rt_mailbox.o)
    0x08005552   0x0000000e   Code   RO         4943    i.isr_mbx_send      RTX_CM4.lib(rt_mailbox.o)
    0x08005560   0x00000044   Code   RO           14    i.mPort_Initialize  main.o
    0x080055a4   0x000000a0   Code   RO           15    i.main              main.o
    0x08005644   0x00000024   Code   RO         3962    i.osKernelInitialize  RTX_CM4.lib(rt_cmsis.o)
    0x08005668   0x0000006c   Code   RO         3964    i.osKernelStart     RTX_CM4.lib(rt_cmsis.o)
    0x080056d4   0x00000018   Code   RO         3973    i.osMessageGet      RTX_CM4.lib(rt_cmsis.o)
    0x080056ec   0x00000030   Code   RO         3990    i.osThreadCreate    RTX_CM4.lib(rt_cmsis.o)
    0x0800571c   0x00000018   Code   RO         3991    i.osThreadExit      RTX_CM4.lib(rt_cmsis.o)
    0x08005734   0x0000000c   Code   RO         3997    i.osTimerCall       RTX_CM4.lib(rt_cmsis.o)
    0x08005740   0x0000002c   Code   RO         4002    i.osTimerThread     RTX_CM4.lib(rt_cmsis.o)
    0x0800576c   0x00000020   Code   RO         1366    i.os_error          rtx_conf_cm.o
    0x0800578c   0x00000004   Code   RO         1367    i.os_idle_demon     rtx_conf_cm.o
    0x08005790   0x00000028   Code   RO         4734    i.os_tick_init      RTX_CM4.lib(rt_system.o)
    0x080057b8   0x00000002   Code   RO         4735    i.os_tick_irqack    RTX_CM4.lib(rt_system.o)
    0x080057ba   0x0000001a   Code   RO         5034    i.rt_alloc_box      RTX_CM4.lib(rt_membox.o)
    0x080057d4   0x0000003e   Code   RO         5062    i.rt_alloc_mem      RTX_CM4.lib(rt_memory.o)
    0x08005812   0x00000002   PAD
    0x08005814   0x00000038   Code   RO         4582    i.rt_block          RTX_CM4.lib(rt_task.o)
    0x0800584c   0x00000002   Code   RO         1368    i.rt_chk_robin      rtx_conf_cm.o
    0x0800584e   0x00000002   PAD
    0x08005850   0x00000070   Code   RO         4866    i.rt_dec_dly        RTX_CM4.lib(rt_list.o)
    0x080058c0   0x00000044   Code   RO         4583    i.rt_dispatch       RTX_CM4.lib(rt_task.o)
    0x08005904   0x00000050   Code   RO         4827    i.rt_evt_psh        RTX_CM4.lib(rt_event.o)
    0x08005954   0x0000002c   Code   RO         5035    i.rt_free_box       RTX_CM4.lib(rt_membox.o)
    0x08005980   0x00000028   Code   RO         5063    i.rt_free_mem       RTX_CM4.lib(rt_memory.o)
    0x080059a8   0x00000028   Code   RO         4867    i.rt_get_first      RTX_CM4.lib(rt_list.o)
    0x080059d0   0x00000008   Code   RO         4007    i.rt_id2obj         RTX_CM4.lib(rt_cmsis.o)
    0x080059d8   0x00000048   Code   RO         4584    i.rt_init_context   RTX_CM4.lib(rt_task.o)
    0x08005a20   0x0000001a   Code   RO         5064    i.rt_init_mem       RTX_CM4.lib(rt_memory.o)
    0x08005a3a   0x00000002   Code   RO         1369    i.rt_init_robin     rtx_conf_cm.o
    0x08005a3c   0x00000080   Code   RO         5089    i.rt_init_stack     RTX_CM4.lib(hal_cm.o)
    0x08005abc   0x00000008   Code   RO         4944    i.rt_mbx_check      RTX_CM4.lib(rt_mailbox.o)
    0x08005ac4   0x0000001a   Code   RO         4945    i.rt_mbx_init       RTX_CM4.lib(rt_mailbox.o)
    0x08005ade   0x00000002   PAD
    0x08005ae0   0x000000f0   Code   RO         4946    i.rt_mbx_psh        RTX_CM4.lib(rt_mailbox.o)
    0x08005bd0   0x000000b4   Code   RO         4948    i.rt_mbx_wait       RTX_CM4.lib(rt_mailbox.o)
    0x08005c84   0x00000044   Code   RO         4008    i.rt_ms2tick        RTX_CM4.lib(rt_cmsis.o)
    0x08005cc8   0x000000d8   Code   RO         4701    i.rt_mut_release    RTX_CM4.lib(rt_mutex.o)
    0x08005da0   0x00000068   Code   RO         4702    i.rt_mut_wait       RTX_CM4.lib(rt_mutex.o)
    0x08005e08   0x0000007c   Code   RO         4738    i.rt_pop_req        RTX_CM4.lib(rt_system.o)
    0x08005e84   0x00000020   Code   RO         4739    i.rt_psh_req        RTX_CM4.lib(rt_system.o)
    0x08005ea4   0x0000005c   Code   RO         4869    i.rt_psq_enq        RTX_CM4.lib(rt_list.o)
    0x08005f00   0x00000048   Code   RO         4870    i.rt_put_dly        RTX_CM4.lib(rt_list.o)
    0x08005f48   0x00000036   Code   RO         4871    i.rt_put_prio       RTX_CM4.lib(rt_list.o)
    0x08005f7e   0x00000002   PAD
    0x08005f80   0x00000014   Code   RO         4872    i.rt_put_rdy_first  RTX_CM4.lib(rt_list.o)
    0x08005f94   0x00000034   Code   RO         4873    i.rt_resort_prio    RTX_CM4.lib(rt_list.o)
    0x08005fc8   0x00000010   Code   RO         5090    i.rt_ret_regs       RTX_CM4.lib(hal_cm.o)
    0x08005fd8   0x0000000c   Code   RO         5091    i.rt_ret_val        RTX_CM4.lib(hal_cm.o)
    0x08005fe4   0x00000010   Code   RO         5092    i.rt_ret_val2       RTX_CM4.lib(hal_cm.o)
    0x08005ff4   0x00000028   Code   RO         4874    i.rt_rmv_dly        RTX_CM4.lib(rt_list.o)
    0x0800601c   0x00000030   Code   RO         4875    i.rt_rmv_list       RTX_CM4.lib(rt_list.o)
    0x0800604c   0x00000034   Code   RO         4993    i.rt_sem_psh        RTX_CM4.lib(rt_semaphore.o)
    0x08006080   0x00000024   Code   RO         4741    i.rt_stk_check      RTX_CM4.lib(rt_system.o)
    0x080060a4   0x00000028   Code   RO         4585    i.rt_switch_req     RTX_CM4.lib(rt_task.o)
    0x080060cc   0x000000cc   Code   RO         4586    i.rt_sys_init       RTX_CM4.lib(rt_task.o)
    0x08006198   0x00000078   Code   RO         4587    i.rt_sys_start      RTX_CM4.lib(rt_task.o)
    0x08006210   0x00000040   Code   RO         4743    i.rt_systick        RTX_CM4.lib(rt_system.o)
    0x08006250   0x00000012   Code   RO         4009    i.rt_tid2ptcb       RTX_CM4.lib(rt_cmsis.o)
    0x08006262   0x00000002   PAD
    0x08006264   0x00000034   Code   RO         4010    i.rt_timer_insert   RTX_CM4.lib(rt_cmsis.o)
    0x08006298   0x00000088   Code   RO         4588    i.rt_tsk_create     RTX_CM4.lib(rt_task.o)
    0x08006320   0x0000017c   Code   RO         4589    i.rt_tsk_delete     RTX_CM4.lib(rt_task.o)
    0x0800649c   0x0000007c   Code   RO         4591    i.rt_tsk_prio       RTX_CM4.lib(rt_task.o)
    0x08006518   0x00000010   Code   RO         4592    i.rt_tsk_self       RTX_CM4.lib(rt_task.o)
    0x08006528   0x0000002c   Code   RO           16    i.sendOne           main.o
    0x08006554   0x0000002c   Code   RO           17    i.sendZero          main.o
    0x08006580   0x0000009e   Code   RO           18    i.send_Message_Bin  main.o
    0x0800661e   0x00000002   PAD
    0x08006620   0x00000070   Code   RO         4013    i.svcKernelInitialize  RTX_CM4.lib(rt_cmsis.o)
    0x08006690   0x00000048   Code   RO         4015    i.svcKernelStart    RTX_CM4.lib(rt_cmsis.o)
    0x080066d8   0x00000024   Code   RO         4018    i.svcMessageCreate  RTX_CM4.lib(rt_cmsis.o)
    0x080066fc   0x0000003a   Code   RO         4019    i.svcMessageGet     RTX_CM4.lib(rt_cmsis.o)
    0x08006736   0x00000002   PAD
    0x08006738   0x00000070   Code   RO         4033    i.svcThreadCreate   RTX_CM4.lib(rt_cmsis.o)
    0x080067a8   0x0000001c   Code   RO         4034    i.svcThreadGetId    RTX_CM4.lib(rt_cmsis.o)
    0x080067c4   0x00000038   Code   RO         4037    i.svcThreadTerminate  RTX_CM4.lib(rt_cmsis.o)
    0x080067fc   0x00000018   Code   RO         4039    i.svcTimerCall      RTX_CM4.lib(rt_cmsis.o)
    0x08006814   0x0000005c   Code   RO         4048    i.sysTimerTick      RTX_CM4.lib(rt_cmsis.o)
    0x08006870   0x0000000a   Code   RO         5310    x$fpl$fpinit        fz_wm.l(fpinit.o)
    0x0800687a   0x00000002   PAD
    0x0800687c   0x00000030   Data   RO           19    .constdata          main.o
    0x080068ac   0x00003cdc   Data   RO          642    .constdata          stm32746g_discovery_lcd.o
    0x0800a588   0x00000056   Data   RO         1371    .constdata          rtx_conf_cm.o
    0x0800a5de   0x00000010   Data   RO         2794    .constdata          stm32f7xx_hal_rcc.o
    0x0800a5ee   0x00000002   PAD
    0x0800a5f0   0x00000020   Data   RO         5344    Region$$Table       anon$$obj.o


    Execution Region RW_IRAM1 (Base: 0x20010000, Size: 0x000036a0, Max: 0x00040000, ABSOLUTE)

    Base Addr    Size         Type   Attr      Idx    E Section Name        Object

    0x20010000   0x00000004   Data   RW           20    .data               main.o
    0x20010004   0x0000002e   Data   RW          274    .data               ft5336.o
    0x20010032   0x00000002   PAD
    0x20010034   0x0000002c   Data   RW          643    .data               stm32746g_discovery_lcd.o
    0x20010060   0x00000002   Data   RW          938    .data               stm32746g_discovery_sdram.o
    0x20010062   0x00000002   PAD
    0x20010064   0x0000000a   Data   RW         1022    .data               stm32746g_discovery_ts.o
    0x2001006e   0x00000002   PAD
    0x20010070   0x00000024   Data   RW         1372    .data               rtx_conf_cm.o
    0x20010094   0x00000004   Data   RW         3923    .data               system_stm32f7xx.o
    0x20010098   0x00000008   Data   RW         4051    .data               RTX_CM4.lib(rt_cmsis.o)
    0x200100a0   0x00000008   Data   RW         4594    .data               RTX_CM4.lib(rt_task.o)
    0x200100a8   0x00000004   Data   RW         4670    .data               RTX_CM4.lib(rt_time.o)
    0x200100ac   0x00000008   Data   RW         4746    .data               RTX_CM4.lib(rt_system.o)
    0x200100b4   0x00000001   Data   RW         5093    .data               RTX_CM4.lib(hal_cm.o)
    0x200100b5   0x00000003   PAD
    0x200100b8   0x00000078   Zero   RW          398    .bss                stm32746g_discovery.o
    0x20010130   0x00000184   Zero   RW          641    .bss                stm32746g_discovery_lcd.o
    0x200102b4   0x00000100   Zero   RW          937    .bss                stm32746g_discovery_sdram.o
    0x200103b4   0x00000028   Zero   RW         1021    .bss                stm32746g_discovery_ts.o
    0x200103dc   0x00000004   PAD
    0x200103e0   0x00002bf8   Zero   RW         1370    .bss                rtx_conf_cm.o
    0x20012fd8   0x00000034   Zero   RW         4593    .bss                RTX_CM4.lib(rt_task.o)
    0x2001300c   0x00000030   Zero   RW         4876    .bss                RTX_CM4.lib(rt_list.o)
    0x2001303c   0x00000060   Zero   RW         5176    .bss                c_w.l(libspace.o)
    0x2001309c   0x00000004   PAD
    0x200130a0   0x00000200   Zero   RW         3911    HEAP                startup_stm32f746xx.o
    0x200132a0   0x00000400   Zero   RW         3910    STACK               startup_stm32f746xx.o



  Load Region LR$$.ARM.__AT_0xC0000000 (Base: 0xc0000000, Size: 0x00000000, Max: 0x0003fc00, ABSOLUTE)

    Execution Region ER$$.ARM.__AT_0xC0000000 (Base: 0xc0000000, Size: 0x0003fc00, Max: 0x0003fc00, ABSOLUTE, UNINIT)

    Base Addr    Size         Type   Attr      Idx    E Section Name        Object

    0xc0000000   0x0003fc00   Zero   RW         1141    .ARM.__AT_0xC0000000  glcd_746g_discovery.o


==============================================================================

Image component sizes


      Code (inc. data)   RO Data    RW Data    ZI Data      Debug   Object Name

        64          8          0          0          0       1409   buttons_746g_discovery.o
       900         52          0         46          0      17675   ft5336.o
         0          0          0          0     261120       1680   glcd_746g_discovery.o
      1356        164         48          4          0     510069   main.o
       128         26         86         36      11256      10350   rtx_conf_cm.o
        64         26        456          0       1536        876   startup_stm32f746xx.o
       676         48          0          0        120      14644   stm32746g_discovery.o
      2130        212      15580         44        388      22130   stm32746g_discovery_lcd.o
       748         66          0          2        256       4662   stm32746g_discovery_sdram.o
       822         62          0         10         40       4323   stm32746g_discovery_ts.o
       104          6          0          0          0       3224   stm32f7xx_hal.o
       390         26          0          0          0      37282   stm32f7xx_hal_cortex.o
      4064         46          0          0          0       4076   stm32f7xx_hal_dma.o
       966          4          0          0          0       5891   stm32f7xx_hal_dma2d.o
       548         52          0          0          0       2548   stm32f7xx_hal_gpio.o
      1824         26          0          0          0      12368   stm32f7xx_hal_i2c.o
      1022          6          0          0          0       5078   stm32f7xx_hal_ltdc.o
       144          8          0          0          0       1392   stm32f7xx_hal_pwr_ex.o
      2216         46         16          0          0       4977   stm32f7xx_hal_rcc.o
      1948         16          0          0          0       2336   stm32f7xx_hal_rcc_ex.o
       164          0          0          0          0       3444   stm32f7xx_hal_sdram.o
       368          0          0          0          0       3676   stm32f7xx_ll_fmc.o
       100         18          0          4          0       1341   system_stm32f7xx.o

    ----------------------------------------------------------------------
     20770        918      16220        152     274720     675451   Object Totals
         0          0         32          0          0          0   (incl. Generated)
        24          0          2          6          4          0   (incl. Padding)

    ----------------------------------------------------------------------

      Code (inc. data)   RO Data    RW Data    ZI Data      Debug   Library Member Name

       268         24          0          1          0       4452   hal_cm.o
       408         34          0          0          0        816   hal_cm4.o
      1118        140          0          8          0      33869   rt_cmsis.o
        80          4          0          0          0        701   rt_event.o
       530         34          0          0         48       8597   rt_list.o
       550         10          0          0          0       4185   rt_mailbox.o
       140          0          0          0          0       2045   rt_membox.o
       128          0          0          0          0       2419   rt_memory.o
       320         12          0          0          0       1699   rt_mutex.o
        52          4          0          0          0        613   rt_semaphore.o
       298         52          0          8          0       6439   rt_system.o
      1216        174          0          8         52      10025   rt_task.o
         0          0          0          4          0        206   rt_time.o
         4          4          0          0          0        200   svc_table.o
         8          0          0          0          0         68   __main.o
         0          0          0          0          0          0   __rtentry.o
        20          0          0          0          0          0   __rtentry2.o
         6          0          0          0          0          0   __rtentry4.o
        52          8          0          0          0          0   __scatter.o
        26          0          0          0          0          0   __scatter_copy.o
        28          0          0          0          0          0   __scatter_zi.o
        12          0          0          0          0         72   exit.o
         6          0          0          0          0        152   heapauxi.o
         0          0          0          0          0          0   indicate_semi.o
         2          0          0          0          0          0   libinit.o
         6          0          0          0          0          0   libinit2.o
         2          0          0          0          0          0   libshutdown.o
         2          0          0          0          0          0   libshutdown2.o
         8          4          0          0         96         68   libspace.o
       100          0          0          0          0         80   rt_memcpy_w.o
         2          0          0          0          0          0   rtexit.o
        10          0          0          0          0          0   rtexit2.o
        12          4          0          0          0         68   sys_exit.o
        74          0          0          0          0         80   sys_stackheap_outer.o
         2          0          0          0          0         68   use_no_semi.o
        10          0          0          0          0        116   fpinit.o

    ----------------------------------------------------------------------
      5522        508          0         32        200      77038   Library Totals
        22          0          0          3          4          0   (incl. Padding)

    ----------------------------------------------------------------------

      Code (inc. data)   RO Data    RW Data    ZI Data      Debug   Library Name

      5112        492          0         29        100      76266   RTX_CM4.lib
       378         16          0          0         96        656   c_w.l
        10          0          0          0          0        116   fz_wm.l

    ----------------------------------------------------------------------
      5522        508          0         32        200      77038   Library Totals

    ----------------------------------------------------------------------

==============================================================================


      Code (inc. data)   RO Data    RW Data    ZI Data      Debug   

     26292       1426      16220        184     274920     733281   Grand Totals
     26292       1426      16220        184     274920     733281   ELF Image Totals
     26292       1426      16220        184          0          0   ROM Totals

==============================================================================

    Total RO  Size (Code + RO Data)                42512 (  41.52kB)
    Total RW  Size (RW Data + ZI Data)            275104 ( 268.66kB)
    Total ROM Size (Code + RO Data + RW Data)      42696 (  41.70kB)

==============================================================================

